mode: set
github.com/onbehalfofhim/secrets-keeper/internal/crypto/crypto.go:31.45,32.20 1 1
github.com/onbehalfofhim/secrets-keeper/internal/crypto/crypto.go:32.20,34.3 1 1
github.com/onbehalfofhim/secrets-keeper/internal/crypto/crypto.go:36.2,37.16 2 1
github.com/onbehalfofhim/secrets-keeper/internal/crypto/crypto.go:37.16,39.3 1 0
github.com/onbehalfofhim/secrets-keeper/internal/crypto/crypto.go:41.2,42.16 2 1
github.com/onbehalfofhim/secrets-keeper/internal/crypto/crypto.go:42.16,44.3 1 0
github.com/onbehalfofhim/secrets-keeper/internal/crypto/crypto.go:46.2,46.33 1 1
github.com/onbehalfofhim/secrets-keeper/internal/crypto/crypto.go:53.55,56.59 2 1
github.com/onbehalfofhim/secrets-keeper/internal/crypto/crypto.go:56.59,58.3 1 0
github.com/onbehalfofhim/secrets-keeper/internal/crypto/crypto.go:60.2,67.24 2 1
github.com/onbehalfofhim/secrets-keeper/internal/crypto/crypto.go:74.55,77.27 2 1
github.com/onbehalfofhim/secrets-keeper/internal/crypto/crypto.go:77.27,79.3 1 1
github.com/onbehalfofhim/secrets-keeper/internal/crypto/crypto.go:81.2,90.16 4 1
github.com/onbehalfofhim/secrets-keeper/internal/crypto/crypto.go:90.16,92.3 1 1
github.com/onbehalfofhim/secrets-keeper/internal/crypto/crypto.go:94.2,94.23 1 1
github.com/onbehalfofhim/secrets-keeper/internal/serializer/serializer.go:30.42,32.2 1 1
github.com/onbehalfofhim/secrets-keeper/internal/serializer/serializer.go:38.62,39.28 1 1
github.com/onbehalfofhim/secrets-keeper/internal/serializer/serializer.go:39.28,45.3 1 1
github.com/onbehalfofhim/secrets-keeper/internal/serializer/serializer.go:47.2,48.16 2 1
github.com/onbehalfofhim/secrets-keeper/internal/serializer/serializer.go:48.16,50.3 1 0
github.com/onbehalfofhim/secrets-keeper/internal/serializer/serializer.go:52.2,52.20 1 1
github.com/onbehalfofhim/secrets-keeper/internal/serializer/serializer.go:59.94,62.20 2 1
github.com/onbehalfofhim/secrets-keeper/internal/serializer/serializer.go:63.25,64.32 1 1
github.com/onbehalfofhim/secrets-keeper/internal/serializer/serializer.go:66.26,67.41 1 1
github.com/onbehalfofhim/secrets-keeper/internal/serializer/serializer.go:69.25,70.32 1 1
github.com/onbehalfofhim/secrets-keeper/internal/serializer/serializer.go:72.27,76.4 1 1
github.com/onbehalfofhim/secrets-keeper/internal/serializer/serializer.go:78.10,83.4 1 1
github.com/onbehalfofhim/secrets-keeper/internal/serializer/serializer.go:86.2,86.53 1 1
github.com/onbehalfofhim/secrets-keeper/internal/serializer/serializer.go:86.53,88.3 1 1
github.com/onbehalfofhim/secrets-keeper/internal/serializer/serializer.go:90.2,90.20 1 1
github.com/onbehalfofhim/secrets-keeper/internal/serializer/serializer.go:95.37,96.21 1 1
github.com/onbehalfofhim/secrets-keeper/internal/serializer/serializer.go:99.22,100.14 1 1
github.com/onbehalfofhim/secrets-keeper/internal/serializer/serializer.go:102.10,103.15 1 1
github.com/onbehalfofhim/secrets-keeper/internal/repository/postgres/secret.go:19.56,21.2 1 1
github.com/onbehalfofhim/secrets-keeper/internal/repository/postgres/secret.go:23.103,43.27 2 1
github.com/onbehalfofhim/secrets-keeper/internal/repository/postgres/secret.go:43.27,45.3 1 1
github.com/onbehalfofhim/secrets-keeper/internal/repository/postgres/secret.go:47.2,47.28 1 1
github.com/onbehalfofhim/secrets-keeper/internal/repository/postgres/secret.go:47.28,49.3 1 1
github.com/onbehalfofhim/secrets-keeper/internal/repository/postgres/secret.go:51.2,72.16 4 1
github.com/onbehalfofhim/secrets-keeper/internal/repository/postgres/secret.go:72.16,74.3 1 1
github.com/onbehalfofhim/secrets-keeper/internal/repository/postgres/secret.go:76.2,76.21 1 1
github.com/onbehalfofhim/secrets-keeper/internal/repository/postgres/secret.go:79.110,112.16 5 1
github.com/onbehalfofhim/secrets-keeper/internal/repository/postgres/secret.go:112.16,113.36 1 1
github.com/onbehalfofhim/secrets-keeper/internal/repository/postgres/secret.go:113.36,115.4 1 1
github.com/onbehalfofhim/secrets-keeper/internal/repository/postgres/secret.go:117.3,117.18 1 1
github.com/onbehalfofhim/secrets-keeper/internal/repository/postgres/secret.go:120.2,120.21 1 1
github.com/onbehalfofhim/secrets-keeper/internal/repository/postgres/secret.go:123.99,139.16 3 1
github.com/onbehalfofhim/secrets-keeper/internal/repository/postgres/secret.go:139.16,141.3 1 1
github.com/onbehalfofhim/secrets-keeper/internal/repository/postgres/secret.go:142.2,146.18 3 1
github.com/onbehalfofhim/secrets-keeper/internal/repository/postgres/secret.go:146.18,158.17 3 1
github.com/onbehalfofhim/secrets-keeper/internal/repository/postgres/secret.go:158.17,160.4 1 1
github.com/onbehalfofhim/secrets-keeper/internal/repository/postgres/secret.go:162.3,162.37 1 1
github.com/onbehalfofhim/secrets-keeper/internal/repository/postgres/secret.go:165.2,165.35 1 1
github.com/onbehalfofhim/secrets-keeper/internal/repository/postgres/secret.go:165.35,167.3 1 1
github.com/onbehalfofhim/secrets-keeper/internal/repository/postgres/secret.go:169.2,169.21 1 1
github.com/onbehalfofhim/secrets-keeper/internal/repository/postgres/secret.go:172.103,192.28 2 1
github.com/onbehalfofhim/secrets-keeper/internal/repository/postgres/secret.go:192.28,194.3 1 1
github.com/onbehalfofhim/secrets-keeper/internal/repository/postgres/secret.go:196.2,217.16 4 1
github.com/onbehalfofhim/secrets-keeper/internal/repository/postgres/secret.go:217.16,218.36 1 1
github.com/onbehalfofhim/secrets-keeper/internal/repository/postgres/secret.go:218.36,220.4 1 1
github.com/onbehalfofhim/secrets-keeper/internal/repository/postgres/secret.go:222.3,222.18 1 1
github.com/onbehalfofhim/secrets-keeper/internal/repository/postgres/secret.go:225.2,225.21 1 1
github.com/onbehalfofhim/secrets-keeper/internal/repository/postgres/secret.go:228.91,241.16 3 1
github.com/onbehalfofhim/secrets-keeper/internal/repository/postgres/secret.go:241.16,243.3 1 1
github.com/onbehalfofhim/secrets-keeper/internal/repository/postgres/secret.go:245.2,246.16 2 1
github.com/onbehalfofhim/secrets-keeper/internal/repository/postgres/secret.go:246.16,248.3 1 1
github.com/onbehalfofhim/secrets-keeper/internal/repository/postgres/secret.go:250.2,250.23 1 1
github.com/onbehalfofhim/secrets-keeper/internal/repository/postgres/secret.go:250.23,252.3 1 1
github.com/onbehalfofhim/secrets-keeper/internal/repository/postgres/secret.go:254.2,254.12 1 1
github.com/onbehalfofhim/secrets-keeper/internal/repository/postgres/secret.go:257.136,273.16 3 1
github.com/onbehalfofhim/secrets-keeper/internal/repository/postgres/secret.go:273.16,275.3 1 1
github.com/onbehalfofhim/secrets-keeper/internal/repository/postgres/secret.go:277.2,278.16 2 1
github.com/onbehalfofhim/secrets-keeper/internal/repository/postgres/secret.go:278.16,280.3 1 1
github.com/onbehalfofhim/secrets-keeper/internal/repository/postgres/secret.go:282.2,282.23 1 1
github.com/onbehalfofhim/secrets-keeper/internal/repository/postgres/secret.go:282.23,284.3 1 1
github.com/onbehalfofhim/secrets-keeper/internal/repository/postgres/secret.go:286.2,286.12 1 1
github.com/onbehalfofhim/secrets-keeper/internal/repository/postgres/user.go:20.53,22.2 1 1
github.com/onbehalfofhim/secrets-keeper/internal/repository/postgres/user.go:25.104,41.16 5 1
github.com/onbehalfofhim/secrets-keeper/internal/repository/postgres/user.go:41.16,46.29 2 1
github.com/onbehalfofhim/secrets-keeper/internal/repository/postgres/user.go:46.29,47.29 1 1
github.com/onbehalfofhim/secrets-keeper/internal/repository/postgres/user.go:47.29,49.5 1 1
github.com/onbehalfofhim/secrets-keeper/internal/repository/postgres/user.go:51.3,51.18 1 1
github.com/onbehalfofhim/secrets-keeper/internal/repository/postgres/user.go:54.2,54.19 1 1
github.com/onbehalfofhim/secrets-keeper/internal/repository/postgres/user.go:58.94,78.16 5 1
github.com/onbehalfofhim/secrets-keeper/internal/repository/postgres/user.go:78.16,79.36 1 1
github.com/onbehalfofhim/secrets-keeper/internal/repository/postgres/user.go:79.36,81.4 1 1
github.com/onbehalfofhim/secrets-keeper/internal/repository/postgres/user.go:82.3,82.18 1 1
github.com/onbehalfofhim/secrets-keeper/internal/repository/postgres/user.go:85.2,85.19 1 1
github.com/onbehalfofhim/secrets-keeper/internal/repository/postgres/user.go:89.91,109.16 5 1
github.com/onbehalfofhim/secrets-keeper/internal/repository/postgres/user.go:109.16,110.36 1 1
github.com/onbehalfofhim/secrets-keeper/internal/repository/postgres/user.go:110.36,112.4 1 1
github.com/onbehalfofhim/secrets-keeper/internal/repository/postgres/user.go:113.3,113.18 1 1
github.com/onbehalfofhim/secrets-keeper/internal/repository/postgres/user.go:116.2,116.19 1 1
github.com/onbehalfofhim/secrets-keeper/cmd/client/main.go:22.13,36.16 4 0
github.com/onbehalfofhim/secrets-keeper/cmd/client/main.go:36.16,38.3 1 0
github.com/onbehalfofhim/secrets-keeper/cmd/client/main.go:39.2,66.16 11 0
github.com/onbehalfofhim/secrets-keeper/cmd/client/main.go:66.16,68.3 1 0
github.com/onbehalfofhim/secrets-keeper/cmd/client/main.go:70.2,90.16 9 0
github.com/onbehalfofhim/secrets-keeper/cmd/client/main.go:90.16,92.3 1 0
github.com/onbehalfofhim/secrets-keeper/cmd/client/main.go:94.2,126.16 11 0
github.com/onbehalfofhim/secrets-keeper/cmd/client/main.go:126.16,128.3 1 0
github.com/onbehalfofhim/secrets-keeper/cmd/client/main.go:130.2,150.16 9 0
github.com/onbehalfofhim/secrets-keeper/cmd/client/main.go:150.16,152.3 1 0
github.com/onbehalfofhim/secrets-keeper/cmd/client/main.go:154.2,180.16 7 0
github.com/onbehalfofhim/secrets-keeper/cmd/client/main.go:180.16,182.3 1 0
github.com/onbehalfofhim/secrets-keeper/cmd/client/main.go:184.2,201.16 7 0
github.com/onbehalfofhim/secrets-keeper/cmd/client/main.go:201.16,203.3 1 0
github.com/onbehalfofhim/secrets-keeper/cmd/client/main.go:205.2,220.16 7 0
github.com/onbehalfofhim/secrets-keeper/cmd/client/main.go:220.16,222.3 1 0
github.com/onbehalfofhim/secrets-keeper/cmd/client/main.go:224.2,227.51 3 0
github.com/onbehalfofhim/secrets-keeper/cmd/client/main.go:227.51,233.3 1 0
github.com/onbehalfofhim/secrets-keeper/cmd/client/main.go:239.2,250.16 6 0
github.com/onbehalfofhim/secrets-keeper/cmd/client/main.go:250.16,252.3 1 0
github.com/onbehalfofhim/secrets-keeper/cmd/client/main.go:254.2,272.16 7 0
github.com/onbehalfofhim/secrets-keeper/cmd/client/main.go:272.16,274.3 1 0
github.com/onbehalfofhim/secrets-keeper/cmd/client/main.go:276.2,276.40 1 0
github.com/onbehalfofhim/secrets-keeper/cmd/client/main.go:276.40,282.3 1 0
github.com/onbehalfofhim/secrets-keeper/cmd/client/main.go:284.2,312.16 10 0
github.com/onbehalfofhim/secrets-keeper/cmd/client/main.go:312.16,317.3 1 0
github.com/onbehalfofhim/secrets-keeper/cmd/client/main.go:319.2,347.16 12 0
github.com/onbehalfofhim/secrets-keeper/cmd/client/main.go:347.16,349.3 1 0
github.com/onbehalfofhim/secrets-keeper/cmd/client/main.go:351.2,368.16 8 0
github.com/onbehalfofhim/secrets-keeper/cmd/client/main.go:368.16,370.3 1 0
github.com/onbehalfofhim/secrets-keeper/cmd/client/main.go:372.2,384.48 7 0
github.com/onbehalfofhim/secrets-keeper/cmd/client/main.go:384.48,396.3 8 0
github.com/onbehalfofhim/secrets-keeper/cmd/client/main.go:398.2,415.16 7 0
github.com/onbehalfofhim/secrets-keeper/cmd/client/main.go:415.16,420.3 1 0
github.com/onbehalfofhim/secrets-keeper/cmd/client/main.go:422.2,439.16 7 0
github.com/onbehalfofhim/secrets-keeper/cmd/client/main.go:439.16,444.3 1 0
github.com/onbehalfofhim/secrets-keeper/cmd/client/main.go:446.2,464.16 7 0
github.com/onbehalfofhim/secrets-keeper/cmd/client/main.go:464.16,468.3 1 0
github.com/onbehalfofhim/secrets-keeper/cmd/client/main.go:470.2,470.40 1 0
github.com/onbehalfofhim/secrets-keeper/cmd/client/main.go:470.40,476.3 1 0
github.com/onbehalfofhim/secrets-keeper/cmd/client/main.go:478.2,483.57 5 0
github.com/onbehalfofhim/secrets-keeper/cmd/client/main.go:495.9,497.16 2 0
github.com/onbehalfofhim/secrets-keeper/cmd/client/main.go:497.16,499.3 1 0
github.com/onbehalfofhim/secrets-keeper/cmd/client/main.go:501.2,503.59 2 0
github.com/onbehalfofhim/secrets-keeper/cmd/client/main.go:503.59,506.22 2 0
github.com/onbehalfofhim/secrets-keeper/cmd/client/main.go:506.22,508.4 1 0
github.com/onbehalfofhim/secrets-keeper/cmd/client/main.go:510.3,518.17 3 0
github.com/onbehalfofhim/secrets-keeper/cmd/client/main.go:518.17,523.4 1 0
github.com/onbehalfofhim/secrets-keeper/cmd/client/main.go:525.3,530.4 1 0
github.com/onbehalfofhim/secrets-keeper/cmd/client/main.go:533.2,534.16 2 0
github.com/onbehalfofhim/secrets-keeper/cmd/client/main.go:534.16,539.3 1 0
github.com/onbehalfofhim/secrets-keeper/cmd/client/main.go:541.2,541.12 1 0
github.com/onbehalfofhim/secrets-keeper/cmd/client/main.go:552.19,559.16 2 0
github.com/onbehalfofhim/secrets-keeper/cmd/client/main.go:559.16,564.3 1 0
github.com/onbehalfofhim/secrets-keeper/cmd/client/main.go:566.2,568.6 2 0
github.com/onbehalfofhim/secrets-keeper/cmd/client/main.go:568.6,571.20 2 0
github.com/onbehalfofhim/secrets-keeper/cmd/client/main.go:571.20,572.9 1 0
github.com/onbehalfofhim/secrets-keeper/cmd/client/main.go:575.3,575.17 1 0
github.com/onbehalfofhim/secrets-keeper/cmd/client/main.go:575.17,580.4 1 0
github.com/onbehalfofhim/secrets-keeper/cmd/client/main.go:582.3,589.4 3 0
github.com/onbehalfofhim/secrets-keeper/cmd/client/main.go:592.2,592.18 1 0
github.com/onbehalfofhim/secrets-keeper/cmd/client/main.go:602.19,612.2 2 0
github.com/onbehalfofhim/secrets-keeper/cmd/client/main.go:618.37,619.19 1 0
github.com/onbehalfofhim/secrets-keeper/cmd/client/main.go:619.19,622.3 2 0
github.com/onbehalfofhim/secrets-keeper/cmd/client/main.go:624.2,626.33 2 0
github.com/onbehalfofhim/secrets-keeper/cmd/client/main.go:626.33,635.3 2 0
github.com/onbehalfofhim/secrets-keeper/cmd/client/main.go:637.2,637.47 1 0
github.com/onbehalfofhim/secrets-keeper/cmd/client/main.go:638.23,642.4 1 0
github.com/onbehalfofhim/secrets-keeper/cmd/client/main.go:644.32,652.4 2 0
github.com/onbehalfofhim/secrets-keeper/cmd/client/main.go:654.27,670.4 4 0
github.com/onbehalfofhim/secrets-keeper/cmd/client/main.go:672.25,680.4 2 0
github.com/onbehalfofhim/secrets-keeper/cmd/client/main.go:682.10,683.38 1 0
github.com/onbehalfofhim/secrets-keeper/api/proto/auth.pb.go:32.35,37.2 4 0
github.com/onbehalfofhim/secrets-keeper/api/proto/auth.pb.go:39.43,41.2 1 0
github.com/onbehalfofhim/secrets-keeper/api/proto/auth.pb.go:43.41,43.42 0 0
github.com/onbehalfofhim/secrets-keeper/api/proto/auth.pb.go:45.63,47.14 2 0
github.com/onbehalfofhim/secrets-keeper/api/proto/auth.pb.go:47.14,49.34 2 0
github.com/onbehalfofhim/secrets-keeper/api/proto/auth.pb.go:49.34,51.4 1 0
github.com/onbehalfofhim/secrets-keeper/api/proto/auth.pb.go:52.3,52.12 1 0
github.com/onbehalfofhim/secrets-keeper/api/proto/auth.pb.go:54.2,54.24 1 0
github.com/onbehalfofhim/secrets-keeper/api/proto/auth.pb.go:58.54,60.2 1 0
github.com/onbehalfofhim/secrets-keeper/api/proto/auth.pb.go:62.45,63.14 1 0
github.com/onbehalfofhim/secrets-keeper/api/proto/auth.pb.go:63.14,65.3 1 0
github.com/onbehalfofhim/secrets-keeper/api/proto/auth.pb.go:66.2,66.11 1 0
github.com/onbehalfofhim/secrets-keeper/api/proto/auth.pb.go:69.48,70.14 1 0
github.com/onbehalfofhim/secrets-keeper/api/proto/auth.pb.go:70.14,72.3 1 0
github.com/onbehalfofhim/secrets-keeper/api/proto/auth.pb.go:73.2,73.11 1 0
github.com/onbehalfofhim/secrets-keeper/api/proto/auth.pb.go:83.36,88.2 4 0
github.com/onbehalfofhim/secrets-keeper/api/proto/auth.pb.go:90.44,92.2 1 0
github.com/onbehalfofhim/secrets-keeper/api/proto/auth.pb.go:94.42,94.43 0 0
github.com/onbehalfofhim/secrets-keeper/api/proto/auth.pb.go:96.64,98.14 2 0
github.com/onbehalfofhim/secrets-keeper/api/proto/auth.pb.go:98.14,100.34 2 0
github.com/onbehalfofhim/secrets-keeper/api/proto/auth.pb.go:100.34,102.4 1 0
github.com/onbehalfofhim/secrets-keeper/api/proto/auth.pb.go:103.3,103.12 1 0
github.com/onbehalfofhim/secrets-keeper/api/proto/auth.pb.go:105.2,105.24 1 0
github.com/onbehalfofhim/secrets-keeper/api/proto/auth.pb.go:109.55,111.2 1 0
github.com/onbehalfofhim/secrets-keeper/api/proto/auth.pb.go:113.47,114.14 1 0
github.com/onbehalfofhim/secrets-keeper/api/proto/auth.pb.go:114.14,116.3 1 0
github.com/onbehalfofhim/secrets-keeper/api/proto/auth.pb.go:117.2,117.11 1 0
github.com/onbehalfofhim/secrets-keeper/api/proto/auth.pb.go:128.32,133.2 4 0
github.com/onbehalfofhim/secrets-keeper/api/proto/auth.pb.go:135.40,137.2 1 0
github.com/onbehalfofhim/secrets-keeper/api/proto/auth.pb.go:139.38,139.39 0 0
github.com/onbehalfofhim/secrets-keeper/api/proto/auth.pb.go:141.60,143.14 2 0
github.com/onbehalfofhim/secrets-keeper/api/proto/auth.pb.go:143.14,145.34 2 0
github.com/onbehalfofhim/secrets-keeper/api/proto/auth.pb.go:145.34,147.4 1 0
github.com/onbehalfofhim/secrets-keeper/api/proto/auth.pb.go:148.3,148.12 1 0
github.com/onbehalfofhim/secrets-keeper/api/proto/auth.pb.go:150.2,150.24 1 0
github.com/onbehalfofhim/secrets-keeper/api/proto/auth.pb.go:154.51,156.2 1 0
github.com/onbehalfofhim/secrets-keeper/api/proto/auth.pb.go:158.42,159.14 1 0
github.com/onbehalfofhim/secrets-keeper/api/proto/auth.pb.go:159.14,161.3 1 0
github.com/onbehalfofhim/secrets-keeper/api/proto/auth.pb.go:162.2,162.11 1 0
github.com/onbehalfofhim/secrets-keeper/api/proto/auth.pb.go:165.45,166.14 1 0
github.com/onbehalfofhim/secrets-keeper/api/proto/auth.pb.go:166.14,168.3 1 0
github.com/onbehalfofhim/secrets-keeper/api/proto/auth.pb.go:169.2,169.11 1 0
github.com/onbehalfofhim/secrets-keeper/api/proto/auth.pb.go:180.33,185.2 4 0
github.com/onbehalfofhim/secrets-keeper/api/proto/auth.pb.go:187.41,189.2 1 0
github.com/onbehalfofhim/secrets-keeper/api/proto/auth.pb.go:191.39,191.40 0 0
github.com/onbehalfofhim/secrets-keeper/api/proto/auth.pb.go:193.61,195.14 2 0
github.com/onbehalfofhim/secrets-keeper/api/proto/auth.pb.go:195.14,197.34 2 0
github.com/onbehalfofhim/secrets-keeper/api/proto/auth.pb.go:197.34,199.4 1 0
github.com/onbehalfofhim/secrets-keeper/api/proto/auth.pb.go:200.3,200.12 1 0
github.com/onbehalfofhim/secrets-keeper/api/proto/auth.pb.go:202.2,202.24 1 0
github.com/onbehalfofhim/secrets-keeper/api/proto/auth.pb.go:206.52,208.2 1 0
github.com/onbehalfofhim/secrets-keeper/api/proto/auth.pb.go:210.49,211.14 1 0
github.com/onbehalfofhim/secrets-keeper/api/proto/auth.pb.go:211.14,213.3 1 0
github.com/onbehalfofhim/secrets-keeper/api/proto/auth.pb.go:214.2,214.11 1 0
github.com/onbehalfofhim/secrets-keeper/api/proto/auth.pb.go:217.46,218.14 1 0
github.com/onbehalfofhim/secrets-keeper/api/proto/auth.pb.go:218.14,220.3 1 0
github.com/onbehalfofhim/secrets-keeper/api/proto/auth.pb.go:221.2,221.10 1 0
github.com/onbehalfofhim/secrets-keeper/api/proto/auth.pb.go:251.43,252.40 1 0
github.com/onbehalfofhim/secrets-keeper/api/proto/auth.pb.go:252.40,254.3 1 0
github.com/onbehalfofhim/secrets-keeper/api/proto/auth.pb.go:255.2,255.36 1 0
github.com/onbehalfofhim/secrets-keeper/api/proto/auth.pb.go:277.13,277.39 1 0
github.com/onbehalfofhim/secrets-keeper/api/proto/auth.pb.go:278.29,279.28 1 0
github.com/onbehalfofhim/secrets-keeper/api/proto/auth.pb.go:279.28,281.3 1 0
github.com/onbehalfofhim/secrets-keeper/api/proto/auth.pb.go:282.2,298.31 5 0
github.com/onbehalfofhim/secrets-keeper/api/proto/auth_grpc.pb.go:38.74,40.2 1 0
github.com/onbehalfofhim/secrets-keeper/api/proto/auth_grpc.pb.go:42.132,46.16 4 0
github.com/onbehalfofhim/secrets-keeper/api/proto/auth_grpc.pb.go:46.16,48.3 1 0
github.com/onbehalfofhim/secrets-keeper/api/proto/auth_grpc.pb.go:49.2,49.17 1 0
github.com/onbehalfofhim/secrets-keeper/api/proto/auth_grpc.pb.go:52.123,56.16 4 0
github.com/onbehalfofhim/secrets-keeper/api/proto/auth_grpc.pb.go:56.16,58.3 1 0
github.com/onbehalfofhim/secrets-keeper/api/proto/auth_grpc.pb.go:59.2,59.17 1 0
github.com/onbehalfofhim/secrets-keeper/api/proto/auth_grpc.pb.go:78.110,80.2 1 0
github.com/onbehalfofhim/secrets-keeper/api/proto/auth_grpc.pb.go:81.101,83.2 1 0
github.com/onbehalfofhim/secrets-keeper/api/proto/auth_grpc.pb.go:84.82,84.83 0 0
github.com/onbehalfofhim/secrets-keeper/api/proto/auth_grpc.pb.go:85.82,85.83 0 0
github.com/onbehalfofhim/secrets-keeper/api/proto/auth_grpc.pb.go:94.80,99.59 1 0
github.com/onbehalfofhim/secrets-keeper/api/proto/auth_grpc.pb.go:99.59,101.3 1 0
github.com/onbehalfofhim/secrets-keeper/api/proto/auth_grpc.pb.go:102.2,102.50 1 0
github.com/onbehalfofhim/secrets-keeper/api/proto/auth_grpc.pb.go:105.165,107.32 2 0
github.com/onbehalfofhim/secrets-keeper/api/proto/auth_grpc.pb.go:107.32,109.3 1 0
github.com/onbehalfofhim/secrets-keeper/api/proto/auth_grpc.pb.go:110.2,110.24 1 0
github.com/onbehalfofhim/secrets-keeper/api/proto/auth_grpc.pb.go:110.24,112.3 1 0
github.com/onbehalfofhim/secrets-keeper/api/proto/auth_grpc.pb.go:113.2,117.77 2 0
github.com/onbehalfofhim/secrets-keeper/api/proto/auth_grpc.pb.go:117.77,119.3 1 0
github.com/onbehalfofhim/secrets-keeper/api/proto/auth_grpc.pb.go:120.2,120.44 1 0
github.com/onbehalfofhim/secrets-keeper/api/proto/auth_grpc.pb.go:123.162,125.32 2 0
github.com/onbehalfofhim/secrets-keeper/api/proto/auth_grpc.pb.go:125.32,127.3 1 0
github.com/onbehalfofhim/secrets-keeper/api/proto/auth_grpc.pb.go:128.2,128.24 1 0
github.com/onbehalfofhim/secrets-keeper/api/proto/auth_grpc.pb.go:128.24,130.3 1 0
github.com/onbehalfofhim/secrets-keeper/api/proto/auth_grpc.pb.go:131.2,135.77 2 0
github.com/onbehalfofhim/secrets-keeper/api/proto/auth_grpc.pb.go:135.77,137.3 1 0
github.com/onbehalfofhim/secrets-keeper/api/proto/auth_grpc.pb.go:138.2,138.44 1 0
github.com/onbehalfofhim/secrets-keeper/api/proto/binary.pb.go:32.37,37.2 4 0
github.com/onbehalfofhim/secrets-keeper/api/proto/binary.pb.go:39.45,41.2 1 0
github.com/onbehalfofhim/secrets-keeper/api/proto/binary.pb.go:43.43,43.44 0 0
github.com/onbehalfofhim/secrets-keeper/api/proto/binary.pb.go:45.65,47.14 2 0
github.com/onbehalfofhim/secrets-keeper/api/proto/binary.pb.go:47.14,49.34 2 0
github.com/onbehalfofhim/secrets-keeper/api/proto/binary.pb.go:49.34,51.4 1 0
github.com/onbehalfofhim/secrets-keeper/api/proto/binary.pb.go:52.3,52.12 1 0
github.com/onbehalfofhim/secrets-keeper/api/proto/binary.pb.go:54.2,54.24 1 0
github.com/onbehalfofhim/secrets-keeper/api/proto/binary.pb.go:58.56,60.2 1 0
github.com/onbehalfofhim/secrets-keeper/api/proto/binary.pb.go:62.50,63.14 1 0
github.com/onbehalfofhim/secrets-keeper/api/proto/binary.pb.go:63.14,65.3 1 0
github.com/onbehalfofhim/secrets-keeper/api/proto/binary.pb.go:66.2,66.11 1 0
github.com/onbehalfofhim/secrets-keeper/api/proto/binary.pb.go:69.47,70.14 1 0
github.com/onbehalfofhim/secrets-keeper/api/proto/binary.pb.go:70.14,72.3 1 0
github.com/onbehalfofhim/secrets-keeper/api/proto/binary.pb.go:73.2,73.12 1 0
github.com/onbehalfofhim/secrets-keeper/api/proto/binary.pb.go:82.40,87.2 4 0
github.com/onbehalfofhim/secrets-keeper/api/proto/binary.pb.go:89.48,91.2 1 0
github.com/onbehalfofhim/secrets-keeper/api/proto/binary.pb.go:93.46,93.47 0 0
github.com/onbehalfofhim/secrets-keeper/api/proto/binary.pb.go:95.68,97.14 2 0
github.com/onbehalfofhim/secrets-keeper/api/proto/binary.pb.go:97.14,99.34 2 0
github.com/onbehalfofhim/secrets-keeper/api/proto/binary.pb.go:99.34,101.4 1 0
github.com/onbehalfofhim/secrets-keeper/api/proto/binary.pb.go:102.3,102.12 1 0
github.com/onbehalfofhim/secrets-keeper/api/proto/binary.pb.go:104.2,104.24 1 0
github.com/onbehalfofhim/secrets-keeper/api/proto/binary.pb.go:108.59,110.2 1 0
github.com/onbehalfofhim/secrets-keeper/api/proto/binary.pb.go:119.41,124.2 4 0
github.com/onbehalfofhim/secrets-keeper/api/proto/binary.pb.go:126.49,128.2 1 0
github.com/onbehalfofhim/secrets-keeper/api/proto/binary.pb.go:130.47,130.48 0 0
github.com/onbehalfofhim/secrets-keeper/api/proto/binary.pb.go:132.69,134.14 2 0
github.com/onbehalfofhim/secrets-keeper/api/proto/binary.pb.go:134.14,136.34 2 0
github.com/onbehalfofhim/secrets-keeper/api/proto/binary.pb.go:136.34,138.4 1 0
github.com/onbehalfofhim/secrets-keeper/api/proto/binary.pb.go:139.3,139.12 1 0
github.com/onbehalfofhim/secrets-keeper/api/proto/binary.pb.go:141.2,141.24 1 0
github.com/onbehalfofhim/secrets-keeper/api/proto/binary.pb.go:145.60,147.2 1 0
github.com/onbehalfofhim/secrets-keeper/api/proto/binary.pb.go:149.54,150.14 1 0
github.com/onbehalfofhim/secrets-keeper/api/proto/binary.pb.go:150.14,152.3 1 0
github.com/onbehalfofhim/secrets-keeper/api/proto/binary.pb.go:153.2,153.11 1 0
github.com/onbehalfofhim/secrets-keeper/api/proto/binary.pb.go:163.39,168.2 4 0
github.com/onbehalfofhim/secrets-keeper/api/proto/binary.pb.go:170.47,172.2 1 0
github.com/onbehalfofhim/secrets-keeper/api/proto/binary.pb.go:174.45,174.46 0 0
github.com/onbehalfofhim/secrets-keeper/api/proto/binary.pb.go:176.67,178.14 2 0
github.com/onbehalfofhim/secrets-keeper/api/proto/binary.pb.go:178.14,180.34 2 0
github.com/onbehalfofhim/secrets-keeper/api/proto/binary.pb.go:180.34,182.4 1 0
github.com/onbehalfofhim/secrets-keeper/api/proto/binary.pb.go:183.3,183.12 1 0
github.com/onbehalfofhim/secrets-keeper/api/proto/binary.pb.go:185.2,185.24 1 0
github.com/onbehalfofhim/secrets-keeper/api/proto/binary.pb.go:189.58,191.2 1 0
github.com/onbehalfofhim/secrets-keeper/api/proto/binary.pb.go:193.49,194.14 1 0
github.com/onbehalfofhim/secrets-keeper/api/proto/binary.pb.go:194.14,196.3 1 0
github.com/onbehalfofhim/secrets-keeper/api/proto/binary.pb.go:197.2,197.12 1 0
github.com/onbehalfofhim/secrets-keeper/api/proto/binary.pb.go:222.45,223.42 1 0
github.com/onbehalfofhim/secrets-keeper/api/proto/binary.pb.go:223.42,225.3 1 0
github.com/onbehalfofhim/secrets-keeper/api/proto/binary.pb.go:226.2,226.38 1 0
github.com/onbehalfofhim/secrets-keeper/api/proto/binary.pb.go:248.13,248.41 1 0
github.com/onbehalfofhim/secrets-keeper/api/proto/binary.pb.go:249.31,250.30 1 0
github.com/onbehalfofhim/secrets-keeper/api/proto/binary.pb.go:250.30,252.3 1 0
github.com/onbehalfofhim/secrets-keeper/api/proto/binary.pb.go:253.2,269.33 5 0
github.com/onbehalfofhim/secrets-keeper/api/proto/binary_grpc.pb.go:38.78,40.2 1 0
github.com/onbehalfofhim/secrets-keeper/api/proto/binary_grpc.pb.go:42.167,45.16 3 0
github.com/onbehalfofhim/secrets-keeper/api/proto/binary_grpc.pb.go:45.16,47.3 1 0
github.com/onbehalfofhim/secrets-keeper/api/proto/binary_grpc.pb.go:48.2,49.15 2 0
github.com/onbehalfofhim/secrets-keeper/api/proto/binary_grpc.pb.go:55.176,58.16 3 0
github.com/onbehalfofhim/secrets-keeper/api/proto/binary_grpc.pb.go:58.16,60.3 1 0
github.com/onbehalfofhim/secrets-keeper/api/proto/binary_grpc.pb.go:61.2,62.51 2 0
github.com/onbehalfofhim/secrets-keeper/api/proto/binary_grpc.pb.go:62.51,64.3 1 0
github.com/onbehalfofhim/secrets-keeper/api/proto/binary_grpc.pb.go:65.2,65.51 1 0
github.com/onbehalfofhim/secrets-keeper/api/proto/binary_grpc.pb.go:65.51,67.3 1 0
github.com/onbehalfofhim/secrets-keeper/api/proto/binary_grpc.pb.go:68.2,68.15 1 0
github.com/onbehalfofhim/secrets-keeper/api/proto/binary_grpc.pb.go:90.129,92.2 1 0
github.com/onbehalfofhim/secrets-keeper/api/proto/binary_grpc.pb.go:93.135,95.2 1 0
github.com/onbehalfofhim/secrets-keeper/api/proto/binary_grpc.pb.go:96.86,96.87 0 0
github.com/onbehalfofhim/secrets-keeper/api/proto/binary_grpc.pb.go:97.86,97.87 0 0
github.com/onbehalfofhim/secrets-keeper/api/proto/binary_grpc.pb.go:106.84,111.59 1 0
github.com/onbehalfofhim/secrets-keeper/api/proto/binary_grpc.pb.go:111.59,113.3 1 0
github.com/onbehalfofhim/secrets-keeper/api/proto/binary_grpc.pb.go:114.2,114.52 1 0
github.com/onbehalfofhim/secrets-keeper/api/proto/binary_grpc.pb.go:117.91,119.2 1 0
github.com/onbehalfofhim/secrets-keeper/api/proto/binary_grpc.pb.go:124.93,126.42 2 0
github.com/onbehalfofhim/secrets-keeper/api/proto/binary_grpc.pb.go:126.42,128.3 1 0
github.com/onbehalfofhim/secrets-keeper/api/proto/binary_grpc.pb.go:129.2,129.145 1 0
github.com/onbehalfofhim/secrets-keeper/api/proto/common.pb.go:53.40,57.2 3 0
github.com/onbehalfofhim/secrets-keeper/api/proto/common.pb.go:59.37,61.2 1 0
github.com/onbehalfofhim/secrets-keeper/api/proto/common.pb.go:63.60,65.2 1 0
github.com/onbehalfofhim/secrets-keeper/api/proto/common.pb.go:67.48,69.2 1 0
github.com/onbehalfofhim/secrets-keeper/api/proto/common.pb.go:71.54,73.2 1 0
github.com/onbehalfofhim/secrets-keeper/api/proto/common.pb.go:76.52,78.2 1 0
github.com/onbehalfofhim/secrets-keeper/api/proto/common.pb.go:92.34,97.2 4 0
github.com/onbehalfofhim/secrets-keeper/api/proto/common.pb.go:99.42,101.2 1 0
github.com/onbehalfofhim/secrets-keeper/api/proto/common.pb.go:103.40,103.41 0 0
github.com/onbehalfofhim/secrets-keeper/api/proto/common.pb.go:105.62,107.14 2 0
github.com/onbehalfofhim/secrets-keeper/api/proto/common.pb.go:107.14,109.34 2 0
github.com/onbehalfofhim/secrets-keeper/api/proto/common.pb.go:109.34,111.4 1 0
github.com/onbehalfofhim/secrets-keeper/api/proto/common.pb.go:112.3,112.12 1 0
github.com/onbehalfofhim/secrets-keeper/api/proto/common.pb.go:114.2,114.24 1 0
github.com/onbehalfofhim/secrets-keeper/api/proto/common.pb.go:118.53,120.2 1 0
github.com/onbehalfofhim/secrets-keeper/api/proto/common.pb.go:122.41,123.14 1 0
github.com/onbehalfofhim/secrets-keeper/api/proto/common.pb.go:123.14,125.3 1 0
github.com/onbehalfofhim/secrets-keeper/api/proto/common.pb.go:126.2,126.11 1 0
github.com/onbehalfofhim/secrets-keeper/api/proto/common.pb.go:129.47,130.14 1 0
github.com/onbehalfofhim/secrets-keeper/api/proto/common.pb.go:130.14,132.3 1 0
github.com/onbehalfofhim/secrets-keeper/api/proto/common.pb.go:133.2,133.43 1 0
github.com/onbehalfofhim/secrets-keeper/api/proto/common.pb.go:136.44,137.14 1 0
github.com/onbehalfofhim/secrets-keeper/api/proto/common.pb.go:137.14,139.3 1 0
github.com/onbehalfofhim/secrets-keeper/api/proto/common.pb.go:140.2,140.11 1 0
github.com/onbehalfofhim/secrets-keeper/api/proto/common.pb.go:143.50,144.14 1 0
github.com/onbehalfofhim/secrets-keeper/api/proto/common.pb.go:144.14,146.3 1 0
github.com/onbehalfofhim/secrets-keeper/api/proto/common.pb.go:147.2,147.11 1 0
github.com/onbehalfofhim/secrets-keeper/api/proto/common.pb.go:150.64,151.14 1 0
github.com/onbehalfofhim/secrets-keeper/api/proto/common.pb.go:151.14,153.3 1 0
github.com/onbehalfofhim/secrets-keeper/api/proto/common.pb.go:154.2,154.12 1 0
github.com/onbehalfofhim/secrets-keeper/api/proto/common.pb.go:157.64,158.14 1 0
github.com/onbehalfofhim/secrets-keeper/api/proto/common.pb.go:158.14,160.3 1 0
github.com/onbehalfofhim/secrets-keeper/api/proto/common.pb.go:161.2,161.12 1 0
github.com/onbehalfofhim/secrets-keeper/api/proto/common.pb.go:191.45,192.42 1 0
github.com/onbehalfofhim/secrets-keeper/api/proto/common.pb.go:192.42,194.3 1 0
github.com/onbehalfofhim/secrets-keeper/api/proto/common.pb.go:195.2,195.38 1 0
github.com/onbehalfofhim/secrets-keeper/api/proto/common.pb.go:216.13,216.41 1 0
github.com/onbehalfofhim/secrets-keeper/api/proto/common.pb.go:217.31,218.30 1 0
github.com/onbehalfofhim/secrets-keeper/api/proto/common.pb.go:218.30,220.3 1 0
github.com/onbehalfofhim/secrets-keeper/api/proto/common.pb.go:221.2,238.33 5 0
github.com/onbehalfofhim/secrets-keeper/api/proto/secret.pb.go:38.26,43.2 4 0
github.com/onbehalfofhim/secrets-keeper/api/proto/secret.pb.go:45.34,47.2 1 0
github.com/onbehalfofhim/secrets-keeper/api/proto/secret.pb.go:49.32,49.33 0 0
github.com/onbehalfofhim/secrets-keeper/api/proto/secret.pb.go:51.54,53.14 2 0
github.com/onbehalfofhim/secrets-keeper/api/proto/secret.pb.go:53.14,55.34 2 0
github.com/onbehalfofhim/secrets-keeper/api/proto/secret.pb.go:55.34,57.4 1 0
github.com/onbehalfofhim/secrets-keeper/api/proto/secret.pb.go:58.3,58.12 1 0
github.com/onbehalfofhim/secrets-keeper/api/proto/secret.pb.go:60.2,60.24 1 0
github.com/onbehalfofhim/secrets-keeper/api/proto/secret.pb.go:64.45,66.2 1 0
github.com/onbehalfofhim/secrets-keeper/api/proto/secret.pb.go:68.48,69.14 1 0
github.com/onbehalfofhim/secrets-keeper/api/proto/secret.pb.go:69.14,71.3 1 0
github.com/onbehalfofhim/secrets-keeper/api/proto/secret.pb.go:72.2,72.12 1 0
github.com/onbehalfofhim/secrets-keeper/api/proto/secret.pb.go:75.48,76.14 1 0
github.com/onbehalfofhim/secrets-keeper/api/proto/secret.pb.go:76.14,78.3 1 0
github.com/onbehalfofhim/secrets-keeper/api/proto/secret.pb.go:79.2,79.12 1 0
github.com/onbehalfofhim/secrets-keeper/api/proto/secret.pb.go:82.40,83.14 1 0
github.com/onbehalfofhim/secrets-keeper/api/proto/secret.pb.go:83.14,84.44 1 0
github.com/onbehalfofhim/secrets-keeper/api/proto/secret.pb.go:84.44,86.4 1 0
github.com/onbehalfofhim/secrets-keeper/api/proto/secret.pb.go:88.2,88.12 1 0
github.com/onbehalfofhim/secrets-keeper/api/proto/secret.pb.go:91.58,92.14 1 0
github.com/onbehalfofhim/secrets-keeper/api/proto/secret.pb.go:92.14,93.53 1 0
github.com/onbehalfofhim/secrets-keeper/api/proto/secret.pb.go:93.53,95.4 1 0
github.com/onbehalfofhim/secrets-keeper/api/proto/secret.pb.go:97.2,97.12 1 0
github.com/onbehalfofhim/secrets-keeper/api/proto/secret.pb.go:100.48,101.14 1 0
github.com/onbehalfofhim/secrets-keeper/api/proto/secret.pb.go:101.14,102.48 1 0
github.com/onbehalfofhim/secrets-keeper/api/proto/secret.pb.go:102.48,104.4 1 0
github.com/onbehalfofhim/secrets-keeper/api/proto/secret.pb.go:106.2,106.12 1 0
github.com/onbehalfofhim/secrets-keeper/api/proto/secret.pb.go:109.44,110.14 1 0
github.com/onbehalfofhim/secrets-keeper/api/proto/secret.pb.go:110.14,111.46 1 0
github.com/onbehalfofhim/secrets-keeper/api/proto/secret.pb.go:111.46,113.4 1 0
github.com/onbehalfofhim/secrets-keeper/api/proto/secret.pb.go:115.2,115.12 1 0
github.com/onbehalfofhim/secrets-keeper/api/proto/secret.pb.go:138.41,138.42 0 0
github.com/onbehalfofhim/secrets-keeper/api/proto/secret.pb.go:140.50,140.51 0 0
github.com/onbehalfofhim/secrets-keeper/api/proto/secret.pb.go:142.45,142.46 0 0
github.com/onbehalfofhim/secrets-keeper/api/proto/secret.pb.go:144.43,144.44 0 0
github.com/onbehalfofhim/secrets-keeper/api/proto/secret.pb.go:153.30,158.2 4 0
github.com/onbehalfofhim/secrets-keeper/api/proto/secret.pb.go:160.38,162.2 1 0
github.com/onbehalfofhim/secrets-keeper/api/proto/secret.pb.go:164.36,164.37 0 0
github.com/onbehalfofhim/secrets-keeper/api/proto/secret.pb.go:166.58,168.14 2 0
github.com/onbehalfofhim/secrets-keeper/api/proto/secret.pb.go:168.14,170.34 2 0
github.com/onbehalfofhim/secrets-keeper/api/proto/secret.pb.go:170.34,172.4 1 0
github.com/onbehalfofhim/secrets-keeper/api/proto/secret.pb.go:173.3,173.12 1 0
github.com/onbehalfofhim/secrets-keeper/api/proto/secret.pb.go:175.2,175.24 1 0
github.com/onbehalfofhim/secrets-keeper/api/proto/secret.pb.go:179.49,181.2 1 0
github.com/onbehalfofhim/secrets-keeper/api/proto/secret.pb.go:183.39,184.14 1 0
github.com/onbehalfofhim/secrets-keeper/api/proto/secret.pb.go:184.14,186.3 1 0
github.com/onbehalfofhim/secrets-keeper/api/proto/secret.pb.go:187.2,187.11 1 0
github.com/onbehalfofhim/secrets-keeper/api/proto/secret.pb.go:198.39,203.2 4 0
github.com/onbehalfofhim/secrets-keeper/api/proto/secret.pb.go:205.47,207.2 1 0
github.com/onbehalfofhim/secrets-keeper/api/proto/secret.pb.go:209.45,209.46 0 0
github.com/onbehalfofhim/secrets-keeper/api/proto/secret.pb.go:211.67,213.14 2 0
github.com/onbehalfofhim/secrets-keeper/api/proto/secret.pb.go:213.14,215.34 2 0
github.com/onbehalfofhim/secrets-keeper/api/proto/secret.pb.go:215.34,217.4 1 0
github.com/onbehalfofhim/secrets-keeper/api/proto/secret.pb.go:218.3,218.12 1 0
github.com/onbehalfofhim/secrets-keeper/api/proto/secret.pb.go:220.2,220.24 1 0
github.com/onbehalfofhim/secrets-keeper/api/proto/secret.pb.go:224.58,226.2 1 0
github.com/onbehalfofhim/secrets-keeper/api/proto/secret.pb.go:228.49,229.14 1 0
github.com/onbehalfofhim/secrets-keeper/api/proto/secret.pb.go:229.14,231.3 1 0
github.com/onbehalfofhim/secrets-keeper/api/proto/secret.pb.go:232.2,232.11 1 0
github.com/onbehalfofhim/secrets-keeper/api/proto/secret.pb.go:235.52,236.14 1 0
github.com/onbehalfofhim/secrets-keeper/api/proto/secret.pb.go:236.14,238.3 1 0
github.com/onbehalfofhim/secrets-keeper/api/proto/secret.pb.go:239.2,239.11 1 0
github.com/onbehalfofhim/secrets-keeper/api/proto/secret.pb.go:252.34,257.2 4 0
github.com/onbehalfofhim/secrets-keeper/api/proto/secret.pb.go:259.42,261.2 1 0
github.com/onbehalfofhim/secrets-keeper/api/proto/secret.pb.go:263.40,263.41 0 0
github.com/onbehalfofhim/secrets-keeper/api/proto/secret.pb.go:265.62,267.14 2 0
github.com/onbehalfofhim/secrets-keeper/api/proto/secret.pb.go:267.14,269.34 2 0
github.com/onbehalfofhim/secrets-keeper/api/proto/secret.pb.go:269.34,271.4 1 0
github.com/onbehalfofhim/secrets-keeper/api/proto/secret.pb.go:272.3,272.12 1 0
github.com/onbehalfofhim/secrets-keeper/api/proto/secret.pb.go:274.2,274.24 1 0
github.com/onbehalfofhim/secrets-keeper/api/proto/secret.pb.go:278.53,280.2 1 0
github.com/onbehalfofhim/secrets-keeper/api/proto/secret.pb.go:282.45,283.14 1 0
github.com/onbehalfofhim/secrets-keeper/api/proto/secret.pb.go:283.14,285.3 1 0
github.com/onbehalfofhim/secrets-keeper/api/proto/secret.pb.go:286.2,286.11 1 0
github.com/onbehalfofhim/secrets-keeper/api/proto/secret.pb.go:289.45,290.14 1 0
github.com/onbehalfofhim/secrets-keeper/api/proto/secret.pb.go:290.14,292.3 1 0
github.com/onbehalfofhim/secrets-keeper/api/proto/secret.pb.go:293.2,293.11 1 0
github.com/onbehalfofhim/secrets-keeper/api/proto/secret.pb.go:296.45,297.14 1 0
github.com/onbehalfofhim/secrets-keeper/api/proto/secret.pb.go:297.14,299.3 1 0
github.com/onbehalfofhim/secrets-keeper/api/proto/secret.pb.go:300.2,300.11 1 0
github.com/onbehalfofhim/secrets-keeper/api/proto/secret.pb.go:303.42,304.14 1 0
github.com/onbehalfofhim/secrets-keeper/api/proto/secret.pb.go:304.14,306.3 1 0
github.com/onbehalfofhim/secrets-keeper/api/proto/secret.pb.go:307.2,307.11 1 0
github.com/onbehalfofhim/secrets-keeper/api/proto/secret.pb.go:318.32,323.2 4 0
github.com/onbehalfofhim/secrets-keeper/api/proto/secret.pb.go:325.40,327.2 1 0
github.com/onbehalfofhim/secrets-keeper/api/proto/secret.pb.go:329.38,329.39 0 0
github.com/onbehalfofhim/secrets-keeper/api/proto/secret.pb.go:331.60,333.14 2 0
github.com/onbehalfofhim/secrets-keeper/api/proto/secret.pb.go:333.14,335.34 2 0
github.com/onbehalfofhim/secrets-keeper/api/proto/secret.pb.go:335.34,337.4 1 0
github.com/onbehalfofhim/secrets-keeper/api/proto/secret.pb.go:338.3,338.12 1 0
github.com/onbehalfofhim/secrets-keeper/api/proto/secret.pb.go:340.2,340.24 1 0
github.com/onbehalfofhim/secrets-keeper/api/proto/secret.pb.go:344.51,346.2 1 0
github.com/onbehalfofhim/secrets-keeper/api/proto/secret.pb.go:348.45,349.14 1 0
github.com/onbehalfofhim/secrets-keeper/api/proto/secret.pb.go:349.14,351.3 1 0
github.com/onbehalfofhim/secrets-keeper/api/proto/secret.pb.go:352.2,352.11 1 0
github.com/onbehalfofhim/secrets-keeper/api/proto/secret.pb.go:355.45,356.14 1 0
github.com/onbehalfofhim/secrets-keeper/api/proto/secret.pb.go:356.14,358.3 1 0
github.com/onbehalfofhim/secrets-keeper/api/proto/secret.pb.go:359.2,359.11 1 0
github.com/onbehalfofhim/secrets-keeper/api/proto/secret.pb.go:369.39,374.2 4 0
github.com/onbehalfofhim/secrets-keeper/api/proto/secret.pb.go:376.47,378.2 1 0
github.com/onbehalfofhim/secrets-keeper/api/proto/secret.pb.go:380.45,380.46 0 0
github.com/onbehalfofhim/secrets-keeper/api/proto/secret.pb.go:382.67,384.14 2 0
github.com/onbehalfofhim/secrets-keeper/api/proto/secret.pb.go:384.14,386.34 2 0
github.com/onbehalfofhim/secrets-keeper/api/proto/secret.pb.go:386.34,388.4 1 0
github.com/onbehalfofhim/secrets-keeper/api/proto/secret.pb.go:389.3,389.12 1 0
github.com/onbehalfofhim/secrets-keeper/api/proto/secret.pb.go:391.2,391.24 1 0
github.com/onbehalfofhim/secrets-keeper/api/proto/secret.pb.go:395.58,397.2 1 0
github.com/onbehalfofhim/secrets-keeper/api/proto/secret.pb.go:399.51,400.14 1 0
github.com/onbehalfofhim/secrets-keeper/api/proto/secret.pb.go:400.14,402.3 1 0
github.com/onbehalfofhim/secrets-keeper/api/proto/secret.pb.go:403.2,403.12 1 0
github.com/onbehalfofhim/secrets-keeper/api/proto/secret.pb.go:413.40,418.2 4 0
github.com/onbehalfofhim/secrets-keeper/api/proto/secret.pb.go:420.48,422.2 1 0
github.com/onbehalfofhim/secrets-keeper/api/proto/secret.pb.go:424.46,424.47 0 0
github.com/onbehalfofhim/secrets-keeper/api/proto/secret.pb.go:426.68,428.14 2 0
github.com/onbehalfofhim/secrets-keeper/api/proto/secret.pb.go:428.14,430.34 2 0
github.com/onbehalfofhim/secrets-keeper/api/proto/secret.pb.go:430.34,432.4 1 0
github.com/onbehalfofhim/secrets-keeper/api/proto/secret.pb.go:433.3,433.12 1 0
github.com/onbehalfofhim/secrets-keeper/api/proto/secret.pb.go:435.2,435.24 1 0
github.com/onbehalfofhim/secrets-keeper/api/proto/secret.pb.go:439.59,441.2 1 0
github.com/onbehalfofhim/secrets-keeper/api/proto/secret.pb.go:443.47,444.14 1 0
github.com/onbehalfofhim/secrets-keeper/api/proto/secret.pb.go:444.14,446.3 1 0
github.com/onbehalfofhim/secrets-keeper/api/proto/secret.pb.go:447.2,447.11 1 0
github.com/onbehalfofhim/secrets-keeper/api/proto/secret.pb.go:457.39,462.2 4 0
github.com/onbehalfofhim/secrets-keeper/api/proto/secret.pb.go:464.47,466.2 1 0
github.com/onbehalfofhim/secrets-keeper/api/proto/secret.pb.go:468.45,468.46 0 0
github.com/onbehalfofhim/secrets-keeper/api/proto/secret.pb.go:470.67,472.14 2 0
github.com/onbehalfofhim/secrets-keeper/api/proto/secret.pb.go:472.14,474.34 2 0
github.com/onbehalfofhim/secrets-keeper/api/proto/secret.pb.go:474.34,476.4 1 0
github.com/onbehalfofhim/secrets-keeper/api/proto/secret.pb.go:477.3,477.12 1 0
github.com/onbehalfofhim/secrets-keeper/api/proto/secret.pb.go:479.2,479.24 1 0
github.com/onbehalfofhim/secrets-keeper/api/proto/secret.pb.go:483.58,485.2 1 0
github.com/onbehalfofhim/secrets-keeper/api/proto/secret.pb.go:487.51,488.14 1 0
github.com/onbehalfofhim/secrets-keeper/api/proto/secret.pb.go:488.14,490.3 1 0
github.com/onbehalfofhim/secrets-keeper/api/proto/secret.pb.go:491.2,491.12 1 0
github.com/onbehalfofhim/secrets-keeper/api/proto/secret.pb.go:500.40,505.2 4 0
github.com/onbehalfofhim/secrets-keeper/api/proto/secret.pb.go:507.48,509.2 1 0
github.com/onbehalfofhim/secrets-keeper/api/proto/secret.pb.go:511.46,511.47 0 0
github.com/onbehalfofhim/secrets-keeper/api/proto/secret.pb.go:513.68,515.14 2 0
github.com/onbehalfofhim/secrets-keeper/api/proto/secret.pb.go:515.14,517.34 2 0
github.com/onbehalfofhim/secrets-keeper/api/proto/secret.pb.go:517.34,519.4 1 0
github.com/onbehalfofhim/secrets-keeper/api/proto/secret.pb.go:520.3,520.12 1 0
github.com/onbehalfofhim/secrets-keeper/api/proto/secret.pb.go:522.2,522.24 1 0
github.com/onbehalfofhim/secrets-keeper/api/proto/secret.pb.go:526.59,528.2 1 0
github.com/onbehalfofhim/secrets-keeper/api/proto/secret.pb.go:537.39,542.2 4 0
github.com/onbehalfofhim/secrets-keeper/api/proto/secret.pb.go:544.47,546.2 1 0
github.com/onbehalfofhim/secrets-keeper/api/proto/secret.pb.go:548.45,548.46 0 0
github.com/onbehalfofhim/secrets-keeper/api/proto/secret.pb.go:550.67,552.14 2 0
github.com/onbehalfofhim/secrets-keeper/api/proto/secret.pb.go:552.14,554.34 2 0
github.com/onbehalfofhim/secrets-keeper/api/proto/secret.pb.go:554.34,556.4 1 0
github.com/onbehalfofhim/secrets-keeper/api/proto/secret.pb.go:557.3,557.12 1 0
github.com/onbehalfofhim/secrets-keeper/api/proto/secret.pb.go:559.2,559.24 1 0
github.com/onbehalfofhim/secrets-keeper/api/proto/secret.pb.go:563.58,565.2 1 0
github.com/onbehalfofhim/secrets-keeper/api/proto/secret.pb.go:567.46,568.14 1 0
github.com/onbehalfofhim/secrets-keeper/api/proto/secret.pb.go:568.14,570.3 1 0
github.com/onbehalfofhim/secrets-keeper/api/proto/secret.pb.go:571.2,571.11 1 0
github.com/onbehalfofhim/secrets-keeper/api/proto/secret.pb.go:580.40,585.2 4 0
github.com/onbehalfofhim/secrets-keeper/api/proto/secret.pb.go:587.48,589.2 1 0
github.com/onbehalfofhim/secrets-keeper/api/proto/secret.pb.go:591.46,591.47 0 0
github.com/onbehalfofhim/secrets-keeper/api/proto/secret.pb.go:593.68,595.14 2 0
github.com/onbehalfofhim/secrets-keeper/api/proto/secret.pb.go:595.14,597.34 2 0
github.com/onbehalfofhim/secrets-keeper/api/proto/secret.pb.go:597.34,599.4 1 0
github.com/onbehalfofhim/secrets-keeper/api/proto/secret.pb.go:600.3,600.12 1 0
github.com/onbehalfofhim/secrets-keeper/api/proto/secret.pb.go:602.2,602.24 1 0
github.com/onbehalfofhim/secrets-keeper/api/proto/secret.pb.go:606.59,608.2 1 0
github.com/onbehalfofhim/secrets-keeper/api/proto/secret.pb.go:617.36,622.2 4 0
github.com/onbehalfofhim/secrets-keeper/api/proto/secret.pb.go:624.44,626.2 1 0
github.com/onbehalfofhim/secrets-keeper/api/proto/secret.pb.go:628.42,628.43 0 0
github.com/onbehalfofhim/secrets-keeper/api/proto/secret.pb.go:630.64,632.14 2 0
github.com/onbehalfofhim/secrets-keeper/api/proto/secret.pb.go:632.14,634.34 2 0
github.com/onbehalfofhim/secrets-keeper/api/proto/secret.pb.go:634.34,636.4 1 0
github.com/onbehalfofhim/secrets-keeper/api/proto/secret.pb.go:637.3,637.12 1 0
github.com/onbehalfofhim/secrets-keeper/api/proto/secret.pb.go:639.2,639.24 1 0
github.com/onbehalfofhim/secrets-keeper/api/proto/secret.pb.go:643.55,645.2 1 0
github.com/onbehalfofhim/secrets-keeper/api/proto/secret.pb.go:647.43,648.14 1 0
github.com/onbehalfofhim/secrets-keeper/api/proto/secret.pb.go:648.14,650.3 1 0
github.com/onbehalfofhim/secrets-keeper/api/proto/secret.pb.go:651.2,651.11 1 0
github.com/onbehalfofhim/secrets-keeper/api/proto/secret.pb.go:661.37,666.2 4 0
github.com/onbehalfofhim/secrets-keeper/api/proto/secret.pb.go:668.45,670.2 1 0
github.com/onbehalfofhim/secrets-keeper/api/proto/secret.pb.go:672.43,672.44 0 0
github.com/onbehalfofhim/secrets-keeper/api/proto/secret.pb.go:674.65,676.14 2 0
github.com/onbehalfofhim/secrets-keeper/api/proto/secret.pb.go:676.14,678.34 2 0
github.com/onbehalfofhim/secrets-keeper/api/proto/secret.pb.go:678.34,680.4 1 0
github.com/onbehalfofhim/secrets-keeper/api/proto/secret.pb.go:681.3,681.12 1 0
github.com/onbehalfofhim/secrets-keeper/api/proto/secret.pb.go:683.2,683.24 1 0
github.com/onbehalfofhim/secrets-keeper/api/proto/secret.pb.go:687.56,689.2 1 0
github.com/onbehalfofhim/secrets-keeper/api/proto/secret.pb.go:691.49,692.14 1 0
github.com/onbehalfofhim/secrets-keeper/api/proto/secret.pb.go:692.14,694.3 1 0
github.com/onbehalfofhim/secrets-keeper/api/proto/secret.pb.go:695.2,695.12 1 0
github.com/onbehalfofhim/secrets-keeper/api/proto/secret.pb.go:704.38,709.2 4 0
github.com/onbehalfofhim/secrets-keeper/api/proto/secret.pb.go:711.46,713.2 1 0
github.com/onbehalfofhim/secrets-keeper/api/proto/secret.pb.go:715.44,715.45 0 0
github.com/onbehalfofhim/secrets-keeper/api/proto/secret.pb.go:717.66,719.14 2 0
github.com/onbehalfofhim/secrets-keeper/api/proto/secret.pb.go:719.14,721.34 2 0
github.com/onbehalfofhim/secrets-keeper/api/proto/secret.pb.go:721.34,723.4 1 0
github.com/onbehalfofhim/secrets-keeper/api/proto/secret.pb.go:724.3,724.12 1 0
github.com/onbehalfofhim/secrets-keeper/api/proto/secret.pb.go:726.2,726.24 1 0
github.com/onbehalfofhim/secrets-keeper/api/proto/secret.pb.go:730.57,732.2 1 0
github.com/onbehalfofhim/secrets-keeper/api/proto/secret.pb.go:741.39,746.2 4 0
github.com/onbehalfofhim/secrets-keeper/api/proto/secret.pb.go:748.47,750.2 1 0
github.com/onbehalfofhim/secrets-keeper/api/proto/secret.pb.go:752.45,752.46 0 0
github.com/onbehalfofhim/secrets-keeper/api/proto/secret.pb.go:754.67,756.14 2 0
github.com/onbehalfofhim/secrets-keeper/api/proto/secret.pb.go:756.14,758.34 2 0
github.com/onbehalfofhim/secrets-keeper/api/proto/secret.pb.go:758.34,760.4 1 0
github.com/onbehalfofhim/secrets-keeper/api/proto/secret.pb.go:761.3,761.12 1 0
github.com/onbehalfofhim/secrets-keeper/api/proto/secret.pb.go:763.2,763.24 1 0
github.com/onbehalfofhim/secrets-keeper/api/proto/secret.pb.go:767.58,769.2 1 0
github.com/onbehalfofhim/secrets-keeper/api/proto/secret.pb.go:771.62,772.14 1 0
github.com/onbehalfofhim/secrets-keeper/api/proto/secret.pb.go:772.14,774.3 1 0
github.com/onbehalfofhim/secrets-keeper/api/proto/secret.pb.go:775.2,775.12 1 0
github.com/onbehalfofhim/secrets-keeper/api/proto/secret.pb.go:834.45,835.42 1 0
github.com/onbehalfofhim/secrets-keeper/api/proto/secret.pb.go:835.42,837.3 1 0
github.com/onbehalfofhim/secrets-keeper/api/proto/secret.pb.go:838.2,838.38 1 0
github.com/onbehalfofhim/secrets-keeper/api/proto/secret.pb.go:887.13,887.41 1 0
github.com/onbehalfofhim/secrets-keeper/api/proto/secret.pb.go:888.31,889.30 1 0
github.com/onbehalfofhim/secrets-keeper/api/proto/secret.pb.go:889.30,891.3 1 0
github.com/onbehalfofhim/secrets-keeper/api/proto/secret.pb.go:892.2,915.33 7 0
github.com/onbehalfofhim/secrets-keeper/api/proto/secret_grpc.pb.go:44.78,46.2 1 0
github.com/onbehalfofhim/secrets-keeper/api/proto/secret_grpc.pb.go:48.146,52.16 4 0
github.com/onbehalfofhim/secrets-keeper/api/proto/secret_grpc.pb.go:52.16,54.3 1 0
github.com/onbehalfofhim/secrets-keeper/api/proto/secret_grpc.pb.go:55.2,55.17 1 0
github.com/onbehalfofhim/secrets-keeper/api/proto/secret_grpc.pb.go:58.146,62.16 4 0
github.com/onbehalfofhim/secrets-keeper/api/proto/secret_grpc.pb.go:62.16,64.3 1 0
github.com/onbehalfofhim/secrets-keeper/api/proto/secret_grpc.pb.go:65.2,65.17 1 0
github.com/onbehalfofhim/secrets-keeper/api/proto/secret_grpc.pb.go:68.146,72.16 4 0
github.com/onbehalfofhim/secrets-keeper/api/proto/secret_grpc.pb.go:72.16,74.3 1 0
github.com/onbehalfofhim/secrets-keeper/api/proto/secret_grpc.pb.go:75.2,75.17 1 0
github.com/onbehalfofhim/secrets-keeper/api/proto/secret_grpc.pb.go:78.137,82.16 4 0
github.com/onbehalfofhim/secrets-keeper/api/proto/secret_grpc.pb.go:82.16,84.3 1 0
github.com/onbehalfofhim/secrets-keeper/api/proto/secret_grpc.pb.go:85.2,85.17 1 0
github.com/onbehalfofhim/secrets-keeper/api/proto/secret_grpc.pb.go:88.143,92.16 4 0
github.com/onbehalfofhim/secrets-keeper/api/proto/secret_grpc.pb.go:92.16,94.3 1 0
github.com/onbehalfofhim/secrets-keeper/api/proto/secret_grpc.pb.go:95.2,95.17 1 0
github.com/onbehalfofhim/secrets-keeper/api/proto/secret_grpc.pb.go:117.124,119.2 1 0
github.com/onbehalfofhim/secrets-keeper/api/proto/secret_grpc.pb.go:120.124,122.2 1 0
github.com/onbehalfofhim/secrets-keeper/api/proto/secret_grpc.pb.go:123.124,125.2 1 0
github.com/onbehalfofhim/secrets-keeper/api/proto/secret_grpc.pb.go:126.115,128.2 1 0
github.com/onbehalfofhim/secrets-keeper/api/proto/secret_grpc.pb.go:129.121,131.2 1 0
github.com/onbehalfofhim/secrets-keeper/api/proto/secret_grpc.pb.go:132.86,132.87 0 0
github.com/onbehalfofhim/secrets-keeper/api/proto/secret_grpc.pb.go:133.86,133.87 0 0
github.com/onbehalfofhim/secrets-keeper/api/proto/secret_grpc.pb.go:142.84,147.59 1 0
github.com/onbehalfofhim/secrets-keeper/api/proto/secret_grpc.pb.go:147.59,149.3 1 0
github.com/onbehalfofhim/secrets-keeper/api/proto/secret_grpc.pb.go:150.2,150.52 1 0
github.com/onbehalfofhim/secrets-keeper/api/proto/secret_grpc.pb.go:153.171,155.32 2 0
github.com/onbehalfofhim/secrets-keeper/api/proto/secret_grpc.pb.go:155.32,157.3 1 0
github.com/onbehalfofhim/secrets-keeper/api/proto/secret_grpc.pb.go:158.2,158.24 1 0
github.com/onbehalfofhim/secrets-keeper/api/proto/secret_grpc.pb.go:158.24,160.3 1 0
github.com/onbehalfofhim/secrets-keeper/api/proto/secret_grpc.pb.go:161.2,165.77 2 0
github.com/onbehalfofhim/secrets-keeper/api/proto/secret_grpc.pb.go:165.77,167.3 1 0
github.com/onbehalfofhim/secrets-keeper/api/proto/secret_grpc.pb.go:168.2,168.44 1 0
github.com/onbehalfofhim/secrets-keeper/api/proto/secret_grpc.pb.go:171.171,173.32 2 0
github.com/onbehalfofhim/secrets-keeper/api/proto/secret_grpc.pb.go:173.32,175.3 1 0
github.com/onbehalfofhim/secrets-keeper/api/proto/secret_grpc.pb.go:176.2,176.24 1 0
github.com/onbehalfofhim/secrets-keeper/api/proto/secret_grpc.pb.go:176.24,178.3 1 0
github.com/onbehalfofhim/secrets-keeper/api/proto/secret_grpc.pb.go:179.2,183.77 2 0
github.com/onbehalfofhim/secrets-keeper/api/proto/secret_grpc.pb.go:183.77,185.3 1 0
github.com/onbehalfofhim/secrets-keeper/api/proto/secret_grpc.pb.go:186.2,186.44 1 0
github.com/onbehalfofhim/secrets-keeper/api/proto/secret_grpc.pb.go:189.171,191.32 2 0
github.com/onbehalfofhim/secrets-keeper/api/proto/secret_grpc.pb.go:191.32,193.3 1 0
github.com/onbehalfofhim/secrets-keeper/api/proto/secret_grpc.pb.go:194.2,194.24 1 0
github.com/onbehalfofhim/secrets-keeper/api/proto/secret_grpc.pb.go:194.24,196.3 1 0
github.com/onbehalfofhim/secrets-keeper/api/proto/secret_grpc.pb.go:197.2,201.77 2 0
github.com/onbehalfofhim/secrets-keeper/api/proto/secret_grpc.pb.go:201.77,203.3 1 0
github.com/onbehalfofhim/secrets-keeper/api/proto/secret_grpc.pb.go:204.2,204.44 1 0
github.com/onbehalfofhim/secrets-keeper/api/proto/secret_grpc.pb.go:207.168,209.32 2 0
github.com/onbehalfofhim/secrets-keeper/api/proto/secret_grpc.pb.go:209.32,211.3 1 0
github.com/onbehalfofhim/secrets-keeper/api/proto/secret_grpc.pb.go:212.2,212.24 1 0
github.com/onbehalfofhim/secrets-keeper/api/proto/secret_grpc.pb.go:212.24,214.3 1 0
github.com/onbehalfofhim/secrets-keeper/api/proto/secret_grpc.pb.go:215.2,219.77 2 0
github.com/onbehalfofhim/secrets-keeper/api/proto/secret_grpc.pb.go:219.77,221.3 1 0
github.com/onbehalfofhim/secrets-keeper/api/proto/secret_grpc.pb.go:222.2,222.44 1 0
github.com/onbehalfofhim/secrets-keeper/api/proto/secret_grpc.pb.go:225.170,227.32 2 0
github.com/onbehalfofhim/secrets-keeper/api/proto/secret_grpc.pb.go:227.32,229.3 1 0
github.com/onbehalfofhim/secrets-keeper/api/proto/secret_grpc.pb.go:230.2,230.24 1 0
github.com/onbehalfofhim/secrets-keeper/api/proto/secret_grpc.pb.go:230.24,232.3 1 0
github.com/onbehalfofhim/secrets-keeper/api/proto/secret_grpc.pb.go:233.2,237.77 2 0
github.com/onbehalfofhim/secrets-keeper/api/proto/secret_grpc.pb.go:237.77,239.3 1 0
github.com/onbehalfofhim/secrets-keeper/api/proto/secret_grpc.pb.go:240.2,240.44 1 0
github.com/onbehalfofhim/secrets-keeper/cmd/server/main.go:26.13,38.15 3 0
github.com/onbehalfofhim/secrets-keeper/cmd/server/main.go:38.15,41.3 2 0
github.com/onbehalfofhim/secrets-keeper/cmd/server/main.go:43.2,44.21 2 0
github.com/onbehalfofhim/secrets-keeper/cmd/server/main.go:44.21,47.3 2 0
github.com/onbehalfofhim/secrets-keeper/cmd/server/main.go:49.2,50.16 2 0
github.com/onbehalfofhim/secrets-keeper/cmd/server/main.go:50.16,53.3 2 0
github.com/onbehalfofhim/secrets-keeper/cmd/server/main.go:54.2,62.44 4 0
github.com/onbehalfofhim/secrets-keeper/cmd/server/main.go:62.44,69.3 2 0
github.com/onbehalfofhim/secrets-keeper/cmd/server/main.go:71.2,93.16 9 0
github.com/onbehalfofhim/secrets-keeper/cmd/server/main.go:93.16,96.3 2 0
github.com/onbehalfofhim/secrets-keeper/cmd/server/main.go:98.2,138.12 9 0
github.com/onbehalfofhim/secrets-keeper/cmd/server/main.go:138.12,145.40 2 0
github.com/onbehalfofhim/secrets-keeper/cmd/server/main.go:145.40,153.4 2 0
github.com/onbehalfofhim/secrets-keeper/cmd/server/main.go:156.2,162.36 4 0
github.com/onbehalfofhim/secrets-keeper/internal/auth/hash.go:6.52,9.2 2 1
github.com/onbehalfofhim/secrets-keeper/internal/auth/hash.go:12.49,14.2 1 1
github.com/onbehalfofhim/secrets-keeper/internal/auth/jwt.go:22.52,27.2 1 1
github.com/onbehalfofhim/secrets-keeper/internal/auth/jwt.go:29.67,47.16 6 1
github.com/onbehalfofhim/secrets-keeper/internal/auth/jwt.go:47.16,49.3 1 0
github.com/onbehalfofhim/secrets-keeper/internal/auth/jwt.go:51.2,51.49 1 1
github.com/onbehalfofhim/secrets-keeper/internal/auth/jwt.go:54.65,58.39 1 1
github.com/onbehalfofhim/secrets-keeper/internal/auth/jwt.go:58.39,59.46 1 1
github.com/onbehalfofhim/secrets-keeper/internal/auth/jwt.go:59.46,64.5 1 1
github.com/onbehalfofhim/secrets-keeper/internal/auth/jwt.go:66.4,66.24 1 1
github.com/onbehalfofhim/secrets-keeper/internal/auth/jwt.go:70.2,70.16 1 1
github.com/onbehalfofhim/secrets-keeper/internal/auth/jwt.go:70.16,72.3 1 1
github.com/onbehalfofhim/secrets-keeper/internal/auth/jwt.go:74.2,74.18 1 1
github.com/onbehalfofhim/secrets-keeper/internal/auth/jwt.go:74.18,76.3 1 0
github.com/onbehalfofhim/secrets-keeper/internal/auth/jwt.go:78.2,79.9 2 1
github.com/onbehalfofhim/secrets-keeper/internal/auth/jwt.go:79.9,81.3 1 0
github.com/onbehalfofhim/secrets-keeper/internal/auth/jwt.go:83.2,83.26 1 1
github.com/onbehalfofhim/secrets-keeper/internal/auth/jwt.go:83.26,85.3 1 1
github.com/onbehalfofhim/secrets-keeper/internal/auth/jwt.go:87.2,87.28 1 1
github.com/onbehalfofhim/secrets-keeper/internal/grpc/auth_server.go:21.62,25.2 1 1
github.com/onbehalfofhim/secrets-keeper/internal/grpc/auth_server.go:27.107,33.16 2 1
github.com/onbehalfofhim/secrets-keeper/internal/grpc/auth_server.go:33.16,35.3 1 1
github.com/onbehalfofhim/secrets-keeper/internal/grpc/auth_server.go:37.2,39.8 1 1
github.com/onbehalfofhim/secrets-keeper/internal/grpc/auth_server.go:42.98,49.16 2 1
github.com/onbehalfofhim/secrets-keeper/internal/grpc/auth_server.go:49.16,51.3 1 1
github.com/onbehalfofhim/secrets-keeper/internal/grpc/auth_server.go:53.2,56.8 1 1
github.com/onbehalfofhim/secrets-keeper/internal/grpc/auth_server.go:59.36,60.9 1 1
github.com/onbehalfofhim/secrets-keeper/internal/grpc/auth_server.go:61.53,65.4 1 1
github.com/onbehalfofhim/secrets-keeper/internal/grpc/auth_server.go:67.48,71.4 1 1
github.com/onbehalfofhim/secrets-keeper/internal/grpc/auth_server.go:74.46,78.4 1 1
github.com/onbehalfofhim/secrets-keeper/internal/grpc/auth_server.go:80.10,84.4 1 1
github.com/onbehalfofhim/secrets-keeper/internal/grpc/binary_server.go:22.68,26.2 1 0
github.com/onbehalfofhim/secrets-keeper/internal/grpc/binary_server.go:28.87,32.16 3 0
github.com/onbehalfofhim/secrets-keeper/internal/grpc/binary_server.go:32.16,34.3 1 0
github.com/onbehalfofhim/secrets-keeper/internal/grpc/binary_server.go:36.2,41.6 2 0
github.com/onbehalfofhim/secrets-keeper/internal/grpc/binary_server.go:41.6,44.29 2 0
github.com/onbehalfofhim/secrets-keeper/internal/grpc/binary_server.go:44.29,45.9 1 0
github.com/onbehalfofhim/secrets-keeper/internal/grpc/binary_server.go:48.3,48.17 1 0
github.com/onbehalfofhim/secrets-keeper/internal/grpc/binary_server.go:48.17,54.4 1 0
github.com/onbehalfofhim/secrets-keeper/internal/grpc/binary_server.go:57.3,57.30 1 0
github.com/onbehalfofhim/secrets-keeper/internal/grpc/binary_server.go:57.30,62.4 1 0
github.com/onbehalfofhim/secrets-keeper/internal/grpc/binary_server.go:64.3,67.17 2 0
github.com/onbehalfofhim/secrets-keeper/internal/grpc/binary_server.go:67.17,72.4 1 0
github.com/onbehalfofhim/secrets-keeper/internal/grpc/binary_server.go:75.3,75.27 1 0
github.com/onbehalfofhim/secrets-keeper/internal/grpc/binary_server.go:75.27,77.4 1 0
github.com/onbehalfofhim/secrets-keeper/internal/grpc/binary_server.go:77.9,77.41 1 0
github.com/onbehalfofhim/secrets-keeper/internal/grpc/binary_server.go:77.41,82.4 1 0
github.com/onbehalfofhim/secrets-keeper/internal/grpc/binary_server.go:85.3,87.22 2 0
github.com/onbehalfofhim/secrets-keeper/internal/grpc/binary_server.go:87.22,88.12 1 0
github.com/onbehalfofhim/secrets-keeper/internal/grpc/binary_server.go:91.3,91.32 1 0
github.com/onbehalfofhim/secrets-keeper/internal/grpc/binary_server.go:95.2,95.26 1 0
github.com/onbehalfofhim/secrets-keeper/internal/grpc/binary_server.go:95.26,100.3 1 0
github.com/onbehalfofhim/secrets-keeper/internal/grpc/binary_server.go:103.2,108.16 1 0
github.com/onbehalfofhim/secrets-keeper/internal/grpc/binary_server.go:108.16,110.3 1 0
github.com/onbehalfofhim/secrets-keeper/internal/grpc/binary_server.go:112.2,114.3 1 0
github.com/onbehalfofhim/secrets-keeper/internal/grpc/binary_server.go:117.122,121.16 3 0
github.com/onbehalfofhim/secrets-keeper/internal/grpc/binary_server.go:121.16,123.3 1 0
github.com/onbehalfofhim/secrets-keeper/internal/grpc/binary_server.go:125.2,128.16 2 0
github.com/onbehalfofhim/secrets-keeper/internal/grpc/binary_server.go:128.16,133.3 1 0
github.com/onbehalfofhim/secrets-keeper/internal/grpc/binary_server.go:135.2,140.16 2 0
github.com/onbehalfofhim/secrets-keeper/internal/grpc/binary_server.go:140.16,142.3 1 0
github.com/onbehalfofhim/secrets-keeper/internal/grpc/binary_server.go:144.2,146.59 2 0
github.com/onbehalfofhim/secrets-keeper/internal/grpc/binary_server.go:146.59,149.22 2 0
github.com/onbehalfofhim/secrets-keeper/internal/grpc/binary_server.go:149.22,151.4 1 0
github.com/onbehalfofhim/secrets-keeper/internal/grpc/binary_server.go:153.3,158.17 2 0
github.com/onbehalfofhim/secrets-keeper/internal/grpc/binary_server.go:158.17,164.4 1 0
github.com/onbehalfofhim/secrets-keeper/internal/grpc/binary_server.go:167.2,167.12 1 0
github.com/onbehalfofhim/secrets-keeper/internal/grpc/binary_server.go:170.38,171.9 1 0
github.com/onbehalfofhim/secrets-keeper/internal/grpc/binary_server.go:172.52,176.4 1 0
github.com/onbehalfofhim/secrets-keeper/internal/grpc/binary_server.go:179.48,183.4 1 0
github.com/onbehalfofhim/secrets-keeper/internal/grpc/binary_server.go:185.10,189.4 1 0
github.com/onbehalfofhim/secrets-keeper/internal/grpc/interceptor.go:20.60,23.2 2 1
github.com/onbehalfofhim/secrets-keeper/internal/grpc/interceptor.go:25.76,31.17 1 1
github.com/onbehalfofhim/secrets-keeper/internal/grpc/interceptor.go:31.17,32.38 1 1
github.com/onbehalfofhim/secrets-keeper/internal/grpc/interceptor.go:32.38,34.4 1 1
github.com/onbehalfofhim/secrets-keeper/internal/grpc/interceptor.go:36.3,37.17 2 1
github.com/onbehalfofhim/secrets-keeper/internal/grpc/interceptor.go:37.17,42.4 1 1
github.com/onbehalfofhim/secrets-keeper/internal/grpc/interceptor.go:44.3,45.17 2 1
github.com/onbehalfofhim/secrets-keeper/internal/grpc/interceptor.go:45.17,50.4 1 1
github.com/onbehalfofhim/secrets-keeper/internal/grpc/interceptor.go:52.3,58.27 2 1
github.com/onbehalfofhim/secrets-keeper/internal/grpc/interceptor.go:62.56,64.9 2 1
github.com/onbehalfofhim/secrets-keeper/internal/grpc/interceptor.go:64.9,66.3 1 1
github.com/onbehalfofhim/secrets-keeper/internal/grpc/interceptor.go:68.2,69.22 2 1
github.com/onbehalfofhim/secrets-keeper/internal/grpc/interceptor.go:69.22,71.3 1 1
github.com/onbehalfofhim/secrets-keeper/internal/grpc/interceptor.go:73.2,77.63 3 1
github.com/onbehalfofhim/secrets-keeper/internal/grpc/interceptor.go:77.63,79.3 1 1
github.com/onbehalfofhim/secrets-keeper/internal/grpc/interceptor.go:81.2,81.22 1 1
github.com/onbehalfofhim/secrets-keeper/internal/grpc/interceptor.go:84.41,85.16 1 1
github.com/onbehalfofhim/secrets-keeper/internal/grpc/interceptor.go:87.40,88.14 1 1
github.com/onbehalfofhim/secrets-keeper/internal/grpc/interceptor.go:89.10,90.15 1 1
github.com/onbehalfofhim/secrets-keeper/internal/grpc/interceptor.go:94.78,100.10 1 1
github.com/onbehalfofhim/secrets-keeper/internal/grpc/interceptor.go:100.10,104.17 3 1
github.com/onbehalfofhim/secrets-keeper/internal/grpc/interceptor.go:104.17,109.4 1 1
github.com/onbehalfofhim/secrets-keeper/internal/grpc/interceptor.go:111.3,112.17 2 1
github.com/onbehalfofhim/secrets-keeper/internal/grpc/interceptor.go:112.17,117.4 1 1
github.com/onbehalfofhim/secrets-keeper/internal/grpc/interceptor.go:119.3,133.4 3 1
github.com/onbehalfofhim/secrets-keeper/internal/grpc/interceptor.go:142.63,144.2 1 1
github.com/onbehalfofhim/secrets-keeper/internal/grpc/secret_server.go:26.68,30.2 1 1
github.com/onbehalfofhim/secrets-keeper/internal/grpc/secret_server.go:32.56,34.9 2 1
github.com/onbehalfofhim/secrets-keeper/internal/grpc/secret_server.go:34.9,39.3 1 1
github.com/onbehalfofhim/secrets-keeper/internal/grpc/secret_server.go:41.2,42.16 2 1
github.com/onbehalfofhim/secrets-keeper/internal/grpc/secret_server.go:42.16,47.3 1 1
github.com/onbehalfofhim/secrets-keeper/internal/grpc/secret_server.go:49.2,49.16 1 1
github.com/onbehalfofhim/secrets-keeper/internal/grpc/secret_server.go:52.121,54.16 2 1
github.com/onbehalfofhim/secrets-keeper/internal/grpc/secret_server.go:54.16,56.3 1 1
github.com/onbehalfofhim/secrets-keeper/internal/grpc/secret_server.go:58.2,59.19 2 1
github.com/onbehalfofhim/secrets-keeper/internal/grpc/secret_server.go:59.19,64.3 1 1
github.com/onbehalfofhim/secrets-keeper/internal/grpc/secret_server.go:66.2,67.16 2 1
github.com/onbehalfofhim/secrets-keeper/internal/grpc/secret_server.go:67.16,69.3 1 0
github.com/onbehalfofhim/secrets-keeper/internal/grpc/secret_server.go:71.2,72.16 2 1
github.com/onbehalfofhim/secrets-keeper/internal/grpc/secret_server.go:72.16,74.3 1 1
github.com/onbehalfofhim/secrets-keeper/internal/grpc/secret_server.go:76.2,78.8 1 1
github.com/onbehalfofhim/secrets-keeper/internal/grpc/secret_server.go:81.85,87.47 2 1
github.com/onbehalfofhim/secrets-keeper/internal/grpc/secret_server.go:88.23,93.4 2 1
github.com/onbehalfofhim/secrets-keeper/internal/grpc/secret_server.go:95.32,101.4 2 1
github.com/onbehalfofhim/secrets-keeper/internal/grpc/secret_server.go:103.27,111.4 2 1
github.com/onbehalfofhim/secrets-keeper/internal/grpc/secret_server.go:113.25,121.17 4 1
github.com/onbehalfofhim/secrets-keeper/internal/grpc/secret_server.go:121.17,127.4 1 0
github.com/onbehalfofhim/secrets-keeper/internal/grpc/secret_server.go:129.3,133.9 1 1
github.com/onbehalfofhim/secrets-keeper/internal/grpc/secret_server.go:135.10,139.4 1 1
github.com/onbehalfofhim/secrets-keeper/internal/grpc/secret_server.go:142.2,143.16 2 1
github.com/onbehalfofhim/secrets-keeper/internal/grpc/secret_server.go:143.16,149.3 1 0
github.com/onbehalfofhim/secrets-keeper/internal/grpc/secret_server.go:151.2,155.8 1 1
github.com/onbehalfofhim/secrets-keeper/internal/grpc/secret_server.go:163.80,164.21 1 1
github.com/onbehalfofhim/secrets-keeper/internal/grpc/secret_server.go:164.21,166.3 1 1
github.com/onbehalfofhim/secrets-keeper/internal/grpc/secret_server.go:168.2,174.16 3 1
github.com/onbehalfofhim/secrets-keeper/internal/grpc/secret_server.go:174.16,176.3 1 0
github.com/onbehalfofhim/secrets-keeper/internal/grpc/secret_server.go:178.2,178.18 1 1
github.com/onbehalfofhim/secrets-keeper/internal/grpc/secret_server.go:181.121,183.16 2 1
github.com/onbehalfofhim/secrets-keeper/internal/grpc/secret_server.go:183.16,185.3 1 0
github.com/onbehalfofhim/secrets-keeper/internal/grpc/secret_server.go:187.2,188.19 2 1
github.com/onbehalfofhim/secrets-keeper/internal/grpc/secret_server.go:188.19,193.3 1 1
github.com/onbehalfofhim/secrets-keeper/internal/grpc/secret_server.go:195.2,196.21 2 1
github.com/onbehalfofhim/secrets-keeper/internal/grpc/secret_server.go:196.21,201.3 1 1
github.com/onbehalfofhim/secrets-keeper/internal/grpc/secret_server.go:203.2,204.16 2 1
github.com/onbehalfofhim/secrets-keeper/internal/grpc/secret_server.go:204.16,209.3 1 1
github.com/onbehalfofhim/secrets-keeper/internal/grpc/secret_server.go:211.2,212.16 2 1
github.com/onbehalfofhim/secrets-keeper/internal/grpc/secret_server.go:212.16,214.3 1 0
github.com/onbehalfofhim/secrets-keeper/internal/grpc/secret_server.go:216.2,217.16 2 1
github.com/onbehalfofhim/secrets-keeper/internal/grpc/secret_server.go:217.16,219.3 1 1
github.com/onbehalfofhim/secrets-keeper/internal/grpc/secret_server.go:221.2,221.40 1 1
github.com/onbehalfofhim/secrets-keeper/internal/grpc/secret_server.go:224.105,230.47 2 1
github.com/onbehalfofhim/secrets-keeper/internal/grpc/secret_server.go:231.23,236.4 2 1
github.com/onbehalfofhim/secrets-keeper/internal/grpc/secret_server.go:238.32,244.4 2 1
github.com/onbehalfofhim/secrets-keeper/internal/grpc/secret_server.go:246.27,254.4 2 1
github.com/onbehalfofhim/secrets-keeper/internal/grpc/secret_server.go:256.25,262.4 2 1
github.com/onbehalfofhim/secrets-keeper/internal/grpc/secret_server.go:264.10,268.4 1 1
github.com/onbehalfofhim/secrets-keeper/internal/grpc/secret_server.go:271.2,272.16 2 1
github.com/onbehalfofhim/secrets-keeper/internal/grpc/secret_server.go:272.16,278.3 1 0
github.com/onbehalfofhim/secrets-keeper/internal/grpc/secret_server.go:280.2,285.8 1 1
github.com/onbehalfofhim/secrets-keeper/internal/grpc/secret_server.go:288.112,290.16 2 1
github.com/onbehalfofhim/secrets-keeper/internal/grpc/secret_server.go:290.16,292.3 1 0
github.com/onbehalfofhim/secrets-keeper/internal/grpc/secret_server.go:294.2,295.16 2 1
github.com/onbehalfofhim/secrets-keeper/internal/grpc/secret_server.go:295.16,300.3 1 1
github.com/onbehalfofhim/secrets-keeper/internal/grpc/secret_server.go:302.2,303.16 2 1
github.com/onbehalfofhim/secrets-keeper/internal/grpc/secret_server.go:303.16,305.3 1 0
github.com/onbehalfofhim/secrets-keeper/internal/grpc/secret_server.go:307.2,308.16 2 1
github.com/onbehalfofhim/secrets-keeper/internal/grpc/secret_server.go:308.16,310.3 1 0
github.com/onbehalfofhim/secrets-keeper/internal/grpc/secret_server.go:312.2,314.8 1 1
github.com/onbehalfofhim/secrets-keeper/internal/grpc/secret_server.go:317.79,322.30 2 1
github.com/onbehalfofhim/secrets-keeper/internal/grpc/secret_server.go:323.26,328.4 1 1
github.com/onbehalfofhim/secrets-keeper/internal/grpc/secret_server.go:330.35,336.4 1 1
github.com/onbehalfofhim/secrets-keeper/internal/grpc/secret_server.go:338.26,346.4 1 1
github.com/onbehalfofhim/secrets-keeper/internal/grpc/secret_server.go:348.28,354.4 1 1
github.com/onbehalfofhim/secrets-keeper/internal/grpc/secret_server.go:356.14,362.4 1 1
github.com/onbehalfofhim/secrets-keeper/internal/grpc/secret_server.go:364.10,368.4 1 1
github.com/onbehalfofhim/secrets-keeper/internal/grpc/secret_server.go:371.2,371.20 1 1
github.com/onbehalfofhim/secrets-keeper/internal/grpc/secret_server.go:374.118,376.16 2 1
github.com/onbehalfofhim/secrets-keeper/internal/grpc/secret_server.go:376.16,378.3 1 0
github.com/onbehalfofhim/secrets-keeper/internal/grpc/secret_server.go:380.2,381.16 2 1
github.com/onbehalfofhim/secrets-keeper/internal/grpc/secret_server.go:381.16,383.3 1 1
github.com/onbehalfofhim/secrets-keeper/internal/grpc/secret_server.go:385.2,389.33 2 1
github.com/onbehalfofhim/secrets-keeper/internal/grpc/secret_server.go:389.33,394.3 1 1
github.com/onbehalfofhim/secrets-keeper/internal/grpc/secret_server.go:396.2,396.22 1 1
github.com/onbehalfofhim/secrets-keeper/internal/grpc/secret_server.go:399.121,401.16 2 1
github.com/onbehalfofhim/secrets-keeper/internal/grpc/secret_server.go:401.16,403.3 1 0
github.com/onbehalfofhim/secrets-keeper/internal/grpc/secret_server.go:405.2,406.16 2 1
github.com/onbehalfofhim/secrets-keeper/internal/grpc/secret_server.go:406.16,411.3 1 1
github.com/onbehalfofhim/secrets-keeper/internal/grpc/secret_server.go:413.2,414.16 2 1
github.com/onbehalfofhim/secrets-keeper/internal/grpc/secret_server.go:414.16,416.3 1 1
github.com/onbehalfofhim/secrets-keeper/internal/grpc/secret_server.go:418.2,418.40 1 1
github.com/onbehalfofhim/secrets-keeper/internal/grpc/secret_server.go:421.70,428.2 1 1
github.com/onbehalfofhim/secrets-keeper/internal/grpc/secret_server.go:430.68,431.20 1 1
github.com/onbehalfofhim/secrets-keeper/internal/grpc/secret_server.go:432.25,433.40 1 1
github.com/onbehalfofhim/secrets-keeper/internal/grpc/secret_server.go:435.26,436.50 1 1
github.com/onbehalfofhim/secrets-keeper/internal/grpc/secret_server.go:438.25,439.45 1 1
github.com/onbehalfofhim/secrets-keeper/internal/grpc/secret_server.go:441.27,442.47 1 1
github.com/onbehalfofhim/secrets-keeper/internal/grpc/secret_server.go:444.10,445.47 1 1
github.com/onbehalfofhim/secrets-keeper/internal/grpc/secret_server.go:449.38,450.9 1 1
github.com/onbehalfofhim/secrets-keeper/internal/grpc/secret_server.go:451.52,455.4 1 1
github.com/onbehalfofhim/secrets-keeper/internal/grpc/secret_server.go:458.48,462.4 1 1
github.com/onbehalfofhim/secrets-keeper/internal/grpc/secret_server.go:464.10,468.4 1 1
github.com/onbehalfofhim/secrets-keeper/internal/grpc/server.go:18.139,47.2 5 0
github.com/onbehalfofhim/secrets-keeper/internal/grpc/server.go:49.32,51.16 2 0
github.com/onbehalfofhim/secrets-keeper/internal/grpc/server.go:51.16,53.3 1 0
github.com/onbehalfofhim/secrets-keeper/internal/grpc/server.go:55.2,55.37 1 0
github.com/onbehalfofhim/secrets-keeper/internal/grpc/server.go:58.25,60.2 1 0
github.com/onbehalfofhim/secrets-keeper/internal/service/auth.go:29.76,34.2 1 1
github.com/onbehalfofhim/secrets-keeper/internal/service/auth.go:36.99,37.17 1 1
github.com/onbehalfofhim/secrets-keeper/internal/service/auth.go:37.17,39.3 1 1
github.com/onbehalfofhim/secrets-keeper/internal/service/auth.go:41.2,41.20 1 1
github.com/onbehalfofhim/secrets-keeper/internal/service/auth.go:41.20,43.3 1 1
github.com/onbehalfofhim/secrets-keeper/internal/service/auth.go:45.2,46.16 2 1
github.com/onbehalfofhim/secrets-keeper/internal/service/auth.go:46.16,48.3 1 0
github.com/onbehalfofhim/secrets-keeper/internal/service/auth.go:50.2,55.16 2 1
github.com/onbehalfofhim/secrets-keeper/internal/service/auth.go:55.16,56.47 1 1
github.com/onbehalfofhim/secrets-keeper/internal/service/auth.go:56.47,58.4 1 1
github.com/onbehalfofhim/secrets-keeper/internal/service/auth.go:60.3,60.49 1 1
github.com/onbehalfofhim/secrets-keeper/internal/service/auth.go:63.2,63.18 1 1
github.com/onbehalfofhim/secrets-keeper/internal/service/auth.go:66.96,67.35 1 1
github.com/onbehalfofhim/secrets-keeper/internal/service/auth.go:67.35,69.3 1 1
github.com/onbehalfofhim/secrets-keeper/internal/service/auth.go:71.2,72.16 2 1
github.com/onbehalfofhim/secrets-keeper/internal/service/auth.go:72.16,73.49 1 1
github.com/onbehalfofhim/secrets-keeper/internal/service/auth.go:73.49,75.4 1 1
github.com/onbehalfofhim/secrets-keeper/internal/service/auth.go:77.3,77.46 1 1
github.com/onbehalfofhim/secrets-keeper/internal/service/auth.go:80.2,83.16 1 1
github.com/onbehalfofhim/secrets-keeper/internal/service/auth.go:83.16,85.3 1 1
github.com/onbehalfofhim/secrets-keeper/internal/service/auth.go:87.2,90.16 2 1
github.com/onbehalfofhim/secrets-keeper/internal/service/auth.go:90.16,92.3 1 0
github.com/onbehalfofhim/secrets-keeper/internal/service/auth.go:94.2,97.8 1 1
github.com/onbehalfofhim/secrets-keeper/internal/service/binary.go:19.100,24.2 1 1
github.com/onbehalfofhim/secrets-keeper/internal/service/binary.go:31.9,32.25 1 1
github.com/onbehalfofhim/secrets-keeper/internal/service/binary.go:32.25,37.3 1 1
github.com/onbehalfofhim/secrets-keeper/internal/service/binary.go:39.2,39.26 1 1
github.com/onbehalfofhim/secrets-keeper/internal/service/binary.go:39.26,44.3 1 1
github.com/onbehalfofhim/secrets-keeper/internal/service/binary.go:46.2,51.16 2 1
github.com/onbehalfofhim/secrets-keeper/internal/service/binary.go:51.16,53.3 1 1
github.com/onbehalfofhim/secrets-keeper/internal/service/binary.go:55.2,55.40 1 1
github.com/onbehalfofhim/secrets-keeper/internal/service/binary.go:55.40,60.3 1 1
github.com/onbehalfofhim/secrets-keeper/internal/service/binary.go:62.2,63.16 2 1
github.com/onbehalfofhim/secrets-keeper/internal/service/binary.go:63.16,68.3 1 1
github.com/onbehalfofhim/secrets-keeper/internal/service/binary.go:70.2,75.3 1 1
github.com/onbehalfofhim/secrets-keeper/internal/service/binary.go:82.19,83.25 1 1
github.com/onbehalfofhim/secrets-keeper/internal/service/binary.go:83.25,88.3 1 1
github.com/onbehalfofhim/secrets-keeper/internal/service/binary.go:90.2,90.26 1 1
github.com/onbehalfofhim/secrets-keeper/internal/service/binary.go:90.26,95.3 1 1
github.com/onbehalfofhim/secrets-keeper/internal/service/binary.go:97.2,102.16 2 1
github.com/onbehalfofhim/secrets-keeper/internal/service/binary.go:102.16,104.3 1 1
github.com/onbehalfofhim/secrets-keeper/internal/service/binary.go:106.2,106.40 1 1
github.com/onbehalfofhim/secrets-keeper/internal/service/binary.go:106.40,111.3 1 1
github.com/onbehalfofhim/secrets-keeper/internal/service/binary.go:113.2,116.16 2 1
github.com/onbehalfofhim/secrets-keeper/internal/service/binary.go:116.16,121.3 1 1
github.com/onbehalfofhim/secrets-keeper/internal/service/binary.go:123.2,123.18 1 1
github.com/onbehalfofhim/secrets-keeper/internal/service/secret.go:28.134,34.2 1 1
github.com/onbehalfofhim/secrets-keeper/internal/service/secret.go:42.121,43.25 1 1
github.com/onbehalfofhim/secrets-keeper/internal/service/secret.go:43.25,48.3 1 1
github.com/onbehalfofhim/secrets-keeper/internal/service/secret.go:50.2,50.22 1 1
github.com/onbehalfofhim/secrets-keeper/internal/service/secret.go:50.22,55.3 1 1
github.com/onbehalfofhim/secrets-keeper/internal/service/secret.go:57.2,57.27 1 1
github.com/onbehalfofhim/secrets-keeper/internal/service/secret.go:57.27,59.3 1 1
github.com/onbehalfofhim/secrets-keeper/internal/service/secret.go:61.2,63.20 2 1
github.com/onbehalfofhim/secrets-keeper/internal/service/secret.go:66.21,69.17 2 1
github.com/onbehalfofhim/secrets-keeper/internal/service/secret.go:69.17,74.4 1 1
github.com/onbehalfofhim/secrets-keeper/internal/service/secret.go:76.3,77.17 2 1
github.com/onbehalfofhim/secrets-keeper/internal/service/secret.go:77.17,82.4 1 1
github.com/onbehalfofhim/secrets-keeper/internal/service/secret.go:84.27,88.22 1 1
github.com/onbehalfofhim/secrets-keeper/internal/service/secret.go:90.10,95.4 1 1
github.com/onbehalfofhim/secrets-keeper/internal/service/secret.go:98.2,106.41 2 1
github.com/onbehalfofhim/secrets-keeper/internal/service/secret.go:109.118,111.16 2 1
github.com/onbehalfofhim/secrets-keeper/internal/service/secret.go:111.16,113.3 1 1
github.com/onbehalfofhim/secrets-keeper/internal/service/secret.go:124.2,124.40 1 1
github.com/onbehalfofhim/secrets-keeper/internal/service/secret.go:124.40,130.17 2 1
github.com/onbehalfofhim/secrets-keeper/internal/service/secret.go:130.17,135.4 1 1
github.com/onbehalfofhim/secrets-keeper/internal/service/secret.go:137.3,137.36 1 1
github.com/onbehalfofhim/secrets-keeper/internal/service/secret.go:142.2,145.16 2 1
github.com/onbehalfofhim/secrets-keeper/internal/service/secret.go:145.16,150.3 1 1
github.com/onbehalfofhim/secrets-keeper/internal/service/secret.go:152.2,156.16 2 1
github.com/onbehalfofhim/secrets-keeper/internal/service/secret.go:156.16,161.3 1 1
github.com/onbehalfofhim/secrets-keeper/internal/service/secret.go:163.2,163.26 1 1
github.com/onbehalfofhim/secrets-keeper/internal/service/secret.go:166.96,168.2 1 1
github.com/onbehalfofhim/secrets-keeper/internal/service/secret.go:177.121,178.25 1 1
github.com/onbehalfofhim/secrets-keeper/internal/service/secret.go:178.25,180.3 1 1
github.com/onbehalfofhim/secrets-keeper/internal/service/secret.go:182.2,182.26 1 1
github.com/onbehalfofhim/secrets-keeper/internal/service/secret.go:182.26,184.3 1 1
github.com/onbehalfofhim/secrets-keeper/internal/service/secret.go:186.2,188.39 2 1
github.com/onbehalfofhim/secrets-keeper/internal/service/secret.go:188.39,190.10 2 1
github.com/onbehalfofhim/secrets-keeper/internal/service/secret.go:190.10,195.4 1 1
github.com/onbehalfofhim/secrets-keeper/internal/service/secret.go:197.3,197.25 1 1
github.com/onbehalfofhim/secrets-keeper/internal/service/secret.go:198.8,200.17 2 1
github.com/onbehalfofhim/secrets-keeper/internal/service/secret.go:200.17,202.4 1 1
github.com/onbehalfofhim/secrets-keeper/internal/service/secret.go:204.3,204.25 1 1
github.com/onbehalfofhim/secrets-keeper/internal/service/secret.go:207.2,208.16 2 1
github.com/onbehalfofhim/secrets-keeper/internal/service/secret.go:208.16,210.3 1 1
github.com/onbehalfofhim/secrets-keeper/internal/service/secret.go:212.2,220.41 2 1
github.com/onbehalfofhim/secrets-keeper/internal/service/secret.go:223.98,229.2 1 1
